[
  {
    "Address": "127.0.0.1:46222 - 127.0.0.1:3306",
    "Items": [
      {
        "Data": {
          "Capabilities": "196607: CLIENT_MYSQL|FOUND_ROWS|LONG_FLAG|CONNECT_WITH_DB|NO SCHEMA|COMPRESS|ODBC|LOCAL_FILES|IGNORE_SPACE|CLIENT_PROTOCOL_41|CLIENT_INTERACTIVE|SSL|TRANSACTIONS|SECURE_CONNECTION|UNKNOWN|UNKNOWN|MULTI_RESULTS",
          "Collation": 8,
          "Protocol": 10,
          "Version": "5.7.25",
          "Type": "Greeting"
        },
        "Seen": [
          "2021-10-23T10:26:48.602593Z"
        ]
      },
      {
        "Data": {
          "Type": "Login",
          "ClientCapabilities": "12493487: CLIENT_MYSQL|FOUND_ROWS|LONG_FLAG|CONNECT_WITH_DB|COMPRESS|LOCAL_FILES|CLIENT_PROTOCOL_41|SECURE_CONNECTION|UNKNOWN|MULTI_RESULTS|PS_MULTI_RESULTS|PLUGIN_AUTH|CONNECT_ATTRS|PLUGIN_AUTH_LENENC_CLIENT_DATA|CLIENT_SESSION_TRACK",
          "Collation": 8,
          "ExtendedCapabilities": 0,
          "MaxPacketSize": 1073741824,
          "Username": "site"
        },
        "Seen": [
          "2021-10-23T10:26:48.602712Z"
        ]
      },
      {
        "Data": {
          "AffectedRows": 0,
          "LastInsertID": 0,
          "ServerStatus": "4002: SERVER_STATUS_AUTOCOMMIT|SERVER_SESSION_STATE_CHANGED",
          "WarningCount": 0,
          "Type": "OK",
          "Info": ""
        },
        "Seen": [
          "2021-10-23T10:26:48.603031Z"
        ]
      },
      {
        "Data": {
          "AffectedRows": 1,
          "LastInsertID": 1,
          "ServerStatus": "2: SERVER_STATUS_AUTOCOMMIT",
          "WarningCount": 0,
          "Type": "OK",
          "Info": ""
        },
        "Seen": [
          "2021-10-23T10:26:48.873332Z"
        ]
      },
      {
        "Data": {
          "Type": "SQL results",
          "Columns": [
            {
              "Catalog": "def",
              "TableAlias": "lots",
              "Table": "lots",
              "Schema": "demo",
              "Column": "id",
              "ColumnAlias": "id",
              "TypeInfo": {
                "LengthOfFixedFields": 12,
                "CharacterSetNumber": 63,
                "MaxColumnSize": 11,
                "FieldTypes": "MYSQL_TYPE_LONG",
                "FieldDetail": "NOT_NULL|PRIMARY_KEY|AUTO_INCREMENT|PART_KEY_FLAG",
                "Decimals": 0,
                "Unused": 0
              }
            },
            {
              "Catalog": "def",
              "TableAlias": "lots",
              "Table": "lots",
              "Schema": "demo",
              "Column": "Id_laudantium_nulla_consequatu",
              "ColumnAlias": "Id_laudantium_nulla_consequatu",
              "TypeInfo": {
                "LengthOfFixedFields": 12,
                "CharacterSetNumber": 63,
                "MaxColumnSize": 4,
                "FieldTypes": "MYSQL_TYPE_TINY",
                "FieldDetail": "",
                "Decimals": 0,
                "Unused": 0
              }
            },
            {
              "Catalog": "def",
              "TableAlias": "lots",
              "Table": "lots",
              "Schema": "demo",
              "Column": "Qui_deserunt_consequatur_quae_",
              "ColumnAlias": "Qui_deserunt_consequatur_quae_",
              "TypeInfo": {
                "LengthOfFixedFields": 12,
                "CharacterSetNumber": 8,
                "MaxColumnSize": 50,
                "FieldTypes": "MYSQL_TYPE_VAR_STRING",
                "FieldDetail": "",
                "Decimals": 0,
                "Unused": 0
              }
            },
            {
              "Catalog": "def",
              "TableAlias": "lots",
              "Table": "lots",
              "Schema": "demo",
              "Column": "Blanditiis_nulla_praesentium_v",
              "ColumnAlias": "Blanditiis_nulla_praesentium_v",
              "TypeInfo": {
                "LengthOfFixedFields": 12,
                "CharacterSetNumber": 8,
                "MaxColumnSize": 65535,
                "FieldTypes": "MYSQL_TYPE_BLOB",
                "FieldDetail": "BLOB",
                "Decimals": 0,
                "Unused": 0
              }
            },
            {
              "Catalog": "def",
              "TableAlias": "lots",
              "Table": "lots",
              "Schema": "demo",
              "Column": "Hic_quibusdam_consequatur_earu",
              "ColumnAlias": "Hic_quibusdam_consequatur_earu",
              "TypeInfo": {
                "LengthOfFixedFields": 12,
                "CharacterSetNumber": 63,
                "MaxColumnSize": 65535,
                "FieldTypes": "MYSQL_TYPE_BLOB",
                "FieldDetail": "BLOB|BINARY_COLLATION",
                "Decimals": 0,
                "Unused": 0
              }
            },
            {
              "Catalog": "def",
              "TableAlias": "lots",
              "Table": "lots",
              "Schema": "demo",
              "Column": "Enim_rem_consequuntur_ipsum_na",
              "ColumnAlias": "Enim_rem_consequuntur_ipsum_na",
              "TypeInfo": {
                "LengthOfFixedFields": 12,
                "CharacterSetNumber": 63,
                "MaxColumnSize": 9,
                "FieldTypes": "MYSQL_TYPE_INT24",
                "FieldDetail": "",
                "Decimals": 0,
                "Unused": 0
              }
            },
            {
              "Catalog": "def",
              "TableAlias": "lots",
              "Table": "lots",
              "Schema": "demo",
              "Column": "Similique_et_molestias_modi_si",
              "ColumnAlias": "Similique_et_molestias_modi_si",
              "TypeInfo": {
                "LengthOfFixedFields": 12,
                "CharacterSetNumber": 63,
                "MaxColumnSize": 6,
                "FieldTypes": "MYSQL_TYPE_SHORT",
                "FieldDetail": "",
                "Decimals": 0,
                "Unused": 0
              }
            },
            {
              "Catalog": "def",
              "TableAlias": "lots",
              "Table": "lots",
              "Schema": "demo",
              "Column": "Eligendi_sed_placeat_nihil_vol",
              "ColumnAlias": "Eligendi_sed_placeat_nihil_vol",
              "TypeInfo": {
                "LengthOfFixedFields": 12,
                "CharacterSetNumber": 63,
                "MaxColumnSize": 20,
                "FieldTypes": "MYSQL_TYPE_LONGLONG",
                "FieldDetail": "",
                "Decimals": 0,
                "Unused": 0
              }
            },
            {
              "Catalog": "def",
              "TableAlias": "lots",
              "Table": "lots",
              "Schema": "demo",
              "Column": "Voluptatum_possimus_sint_venia",
              "ColumnAlias": "Voluptatum_possimus_sint_venia",
              "TypeInfo": {
                "LengthOfFixedFields": 12,
                "CharacterSetNumber": 63,
                "MaxColumnSize": 4,
                "FieldTypes": "MYSQL_TYPE_TINY",
                "FieldDetail": "",
                "Decimals": 0,
                "Unused": 0
              }
            },
            {
              "Catalog": "def",
              "TableAlias": "lots",
              "Table": "lots",
              "Schema": "demo",
              "Column": "Neque_autem_est_consequatur_pl",
              "ColumnAlias": "Neque_autem_est_consequatur_pl",
              "TypeInfo": {
                "LengthOfFixedFields": 12,
                "CharacterSetNumber": 8,
                "MaxColumnSize": 65535,
                "FieldTypes": "MYSQL_TYPE_BLOB",
                "FieldDetail": "BLOB",
                "Decimals": 0,
                "Unused": 0
              }
            },
            {
              "Catalog": "def",
              "TableAlias": "lots",
              "Table": "lots",
              "Schema": "demo",
              "Column": "Cupiditate_quos_perspiciatis_u",
              "ColumnAlias": "Cupiditate_quos_perspiciatis_u",
              "TypeInfo": {
                "LengthOfFixedFields": 12,
                "CharacterSetNumber": 63,
                "MaxColumnSize": 65535,
                "FieldTypes": "MYSQL_TYPE_BLOB",
                "FieldDetail": "BLOB|BINARY_COLLATION",
                "Decimals": 0,
                "Unused": 0
              }
            },
            {
              "Catalog": "def",
              "TableAlias": "lots",
              "Table": "lots",
              "Schema": "demo",
              "Column": "Quia_eveniet_maxime_eos",
              "ColumnAlias": "Quia_eveniet_maxime_eos",
              "TypeInfo": {
                "LengthOfFixedFields": 12,
                "CharacterSetNumber": 8,
                "MaxColumnSize": 50,
                "FieldTypes": "MYSQL_TYPE_VAR_STRING",
                "FieldDetail": "",
                "Decimals": 0,
                "Unused": 0
              }
            },
            {
              "Catalog": "def",
              "TableAlias": "lots",
              "Table": "lots",
              "Schema": "demo",
              "Column": "Earum_architecto_consequatur_q",
              "ColumnAlias": "Earum_architecto_consequatur_q",
              "TypeInfo": {
                "LengthOfFixedFields": 12,
                "CharacterSetNumber": 8,
                "MaxColumnSize": 50,
                "FieldTypes": "MYSQL_TYPE_VAR_STRING",
                "FieldDetail": "",
                "Decimals": 0,
                "Unused": 0
              }
            },
            {
              "Catalog": "def",
              "TableAlias": "lots",
              "Table": "lots",
              "Schema": "demo",
              "Column": "Incidunt_sit_omnis_voluptatem_",
              "ColumnAlias": "Incidunt_sit_omnis_voluptatem_",
              "TypeInfo": {
                "LengthOfFixedFields": 12,
                "CharacterSetNumber": 8,
                "MaxColumnSize": 65535,
                "FieldTypes": "MYSQL_TYPE_BLOB",
                "FieldDetail": "BLOB",
                "Decimals": 0,
                "Unused": 0
              }
            },
            {
              "Catalog": "def",
              "TableAlias": "lots",
              "Table": "lots",
              "Schema": "demo",
              "Column": "Possimus_consequatur_molestiae",
              "ColumnAlias": "Possimus_consequatur_molestiae",
              "TypeInfo": {
                "LengthOfFixedFields": 12,
                "CharacterSetNumber": 8,
                "MaxColumnSize": 50,
                "FieldTypes": "MYSQL_TYPE_VAR_STRING",
                "FieldDetail": "",
                "Decimals": 0,
                "Unused": 0
              }
            },
            {
              "Catalog": "def",
              "TableAlias": "lots",
              "Table": "lots",
              "Schema": "demo",
              "Column": "Quisquam_dolore_nihil_iste_dol",
              "ColumnAlias": "Quisquam_dolore_nihil_iste_dol",
              "TypeInfo": {
                "LengthOfFixedFields": 12,
                "CharacterSetNumber": 63,
                "MaxColumnSize": 11,
                "FieldTypes": "MYSQL_TYPE_LONG",
                "FieldDetail": "",
                "Decimals": 0,
                "Unused": 0
              }
            },
            {
              "Catalog": "def",
              "TableAlias": "lots",
              "Table": "lots",
              "Schema": "demo",
              "Column": "Neque_sed_aliquid_exercitation",
              "ColumnAlias": "Neque_sed_aliquid_exercitation",
              "TypeInfo": {
                "LengthOfFixedFields": 12,
                "CharacterSetNumber": 63,
                "MaxColumnSize": 4,
                "FieldTypes": "MYSQL_TYPE_TINY",
                "FieldDetail": "",
                "Decimals": 0,
                "Unused": 0
              }
            },
            {
              "Catalog": "def",
              "TableAlias": "lots",
              "Table": "lots",
              "Schema": "demo",
              "Column": "Iure_aut_consequuntur_rerum_ne",
              "ColumnAlias": "Iure_aut_consequuntur_rerum_ne",
              "TypeInfo": {
                "LengthOfFixedFields": 12,
                "CharacterSetNumber": 63,
                "MaxColumnSize": 4,
                "FieldTypes": "MYSQL_TYPE_TINY",
                "FieldDetail": "",
                "Decimals": 0,
                "Unused": 0
              }
            },
            {
              "Catalog": "def",
              "TableAlias": "lots",
              "Table": "lots",
              "Schema": "demo",
              "Column": "Earum_minima_nobis_deserunt_of",
              "ColumnAlias": "Earum_minima_nobis_deserunt_of",
              "TypeInfo": {
                "LengthOfFixedFields": 12,
                "CharacterSetNumber": 63,
                "MaxColumnSize": 65535,
                "FieldTypes": "MYSQL_TYPE_BLOB",
                "FieldDetail": "BLOB|BINARY_COLLATION",
                "Decimals": 0,
                "Unused": 0
              }
            },
            {
              "Catalog": "def",
              "TableAlias": "lots",
              "Table": "lots",
              "Schema": "demo",
              "Column": "Voluptates_laborum_magnam_et_i",
              "ColumnAlias": "Voluptates_laborum_magnam_et_i",
              "TypeInfo": {
                "LengthOfFixedFields": 12,
                "CharacterSetNumber": 8,
                "MaxColumnSize": 50,
                "FieldTypes": "MYSQL_TYPE_VAR_STRING",
                "FieldDetail": "",
                "Decimals": 0,
                "Unused": 0
              }
            },
            {
              "Catalog": "def",
              "TableAlias": "lots",
              "Table": "lots",
              "Schema": "demo",
              "Column": "Dicta_nihil_voluptas_laboriosa",
              "ColumnAlias": "Dicta_nihil_voluptas_laboriosa",
              "TypeInfo": {
                "LengthOfFixedFields": 12,
                "CharacterSetNumber": 63,
                "MaxColumnSize": 4,
                "FieldTypes": "MYSQL_TYPE_TINY",
                "FieldDetail": "",
                "Decimals": 0,
                "Unused": 0
              }
            },
            {
              "Catalog": "def",
              "TableAlias": "lots",
              "Table": "lots",
              "Schema": "demo",
              "Column": "Delectus_adipisci_quo_voluptat",
              "ColumnAlias": "Delectus_adipisci_quo_voluptat",
              "TypeInfo": {
                "LengthOfFixedFields": 12,
                "CharacterSetNumber": 63,
                "MaxColumnSize": 4,
                "FieldTypes": "MYSQL_TYPE_TINY",
                "FieldDetail": "",
                "Decimals": 0,
                "Unused": 0
              }
            },
            {
              "Catalog": "def",
              "TableAlias": "lots",
              "Table": "lots",
              "Schema": "demo",
              "Column": "Omnis_eos_laudantium_facere_qu",
              "ColumnAlias": "Omnis_eos_laudantium_facere_qu",
              "TypeInfo": {
                "LengthOfFixedFields": 12,
                "CharacterSetNumber": 63,
                "MaxColumnSize": 65535,
                "FieldTypes": "MYSQL_TYPE_BLOB",
                "FieldDetail": "BLOB|BINARY_COLLATION",
                "Decimals": 0,
                "Unused": 0
              }
            },
            {
              "Catalog": "def",
              "TableAlias": "lots",
              "Table": "lots",
              "Schema": "demo",
              "Column": "Quia_iste_magni_porro_fugit_in",
              "ColumnAlias": "Quia_iste_magni_porro_fugit_in",
              "TypeInfo": {
                "LengthOfFixedFields": 12,
                "CharacterSetNumber": 63,
                "MaxColumnSize": 4,
                "FieldTypes": "MYSQL_TYPE_TINY",
                "FieldDetail": "",
                "Decimals": 0,
                "Unused": 0
              }
            },
            {
              "Catalog": "def",
              "TableAlias": "lots",
              "Table": "lots",
              "Schema": "demo",
              "Column": "Ut_qui_ad_quidem",
              "ColumnAlias": "Ut_qui_ad_quidem",
              "TypeInfo": {
                "LengthOfFixedFields": 12,
                "CharacterSetNumber": 63,
                "MaxColumnSize": 11,
                "FieldTypes": "MYSQL_TYPE_LONG",
                "FieldDetail": "",
                "Decimals": 0,
                "Unused": 0
              }
            },
            {
              "Catalog": "def",
              "TableAlias": "lots",
              "Table": "lots",
              "Schema": "demo",
              "Column": "Deserunt_est_sequi_accusantium",
              "ColumnAlias": "Deserunt_est_sequi_accusantium",
              "TypeInfo": {
                "LengthOfFixedFields": 12,
                "CharacterSetNumber": 63,
                "MaxColumnSize": 4,
                "FieldTypes": "MYSQL_TYPE_TINY",
                "FieldDetail": "",
                "Decimals": 0,
                "Unused": 0
              }
            },
            {
              "Catalog": "def",
              "TableAlias": "lots",
              "Table": "lots",
              "Schema": "demo",
              "Column": "Et_est_fugit_culpa_enim_neque",
              "ColumnAlias": "Et_est_fugit_culpa_enim_neque",
              "TypeInfo": {
                "LengthOfFixedFields": 12,
                "CharacterSetNumber": 8,
                "MaxColumnSize": 10,
                "FieldTypes": "MYSQL_TYPE_VAR_STRING",
                "FieldDetail": "",
                "Decimals": 0,
                "Unused": 0
              }
            },
            {
              "Catalog": "def",
              "TableAlias": "lots",
              "Table": "lots",
              "Schema": "demo",
              "Column": "Necessitatibus_tempora_sapient",
              "ColumnAlias": "Necessitatibus_tempora_sapient",
              "TypeInfo": {
                "LengthOfFixedFields": 12,
                "CharacterSetNumber": 8,
                "MaxColumnSize": 10,
                "FieldTypes": "MYSQL_TYPE_VAR_STRING",
                "FieldDetail": "",
                "Decimals": 0,
                "Unused": 0
              }
            },
            {
              "Catalog": "def",
              "TableAlias": "lots",
              "Table": "lots",
              "Schema": "demo",
              "Column": "Quae_incidunt_sunt_nobis_aut_e",
              "ColumnAlias": "Quae_incidunt_sunt_nobis_aut_e",
              "TypeInfo": {
                "LengthOfFixedFields": 12,
                "CharacterSetNumber": 8,
                "MaxColumnSize": 50,
                "FieldTypes": "MYSQL_TYPE_VAR_STRING",
                "FieldDetail": "",
                "Decimals": 0,
                "Unused": 0
              }
            },
            {
              "Catalog": "def",
              "TableAlias": "lots",
              "Table": "lots",
              "Schema": "demo",
              "Column": "Quos_consequatur_rerum_nemo_es",
              "ColumnAlias": "Quos_consequatur_rerum_nemo_es",
              "TypeInfo": {
                "LengthOfFixedFields": 12,
                "CharacterSetNumber": 8,
                "MaxColumnSize": 50,
                "FieldTypes": "MYSQL_TYPE_VAR_STRING",
                "FieldDetail": "",
                "Decimals": 0,
                "Unused": 0
              }
            },
            {
              "Catalog": "def",
              "TableAlias": "lots",
              "Table": "lots",
              "Schema": "demo",
              "Column": "Velit_eaque_et_et",
              "ColumnAlias": "Velit_eaque_et_et",
              "TypeInfo": {
                "LengthOfFixedFields": 12,
                "CharacterSetNumber": 8,
                "MaxColumnSize": 10,
                "FieldTypes": "MYSQL_TYPE_VAR_STRING",
                "FieldDetail": "",
                "Decimals": 0,
                "Unused": 0
              }
            },
            {
              "Catalog": "def",
              "TableAlias": "lots",
              "Table": "lots",
              "Schema": "demo",
              "Column": "Similique_cumque_qui_est_dicta",
              "ColumnAlias": "Similique_cumque_qui_est_dicta",
              "TypeInfo": {
                "LengthOfFixedFields": 12,
                "CharacterSetNumber": 8,
                "MaxColumnSize": 65535,
                "FieldTypes": "MYSQL_TYPE_BLOB",
                "FieldDetail": "BLOB",
                "Decimals": 0,
                "Unused": 0
              }
            },
            {
              "Catalog": "def",
              "TableAlias": "lots",
              "Table": "lots",
              "Schema": "demo",
              "Column": "Aperiam_aut_hic_ut_possimus_de",
              "ColumnAlias": "Aperiam_aut_hic_ut_possimus_de",
              "TypeInfo": {
                "LengthOfFixedFields": 12,
                "CharacterSetNumber": 8,
                "MaxColumnSize": 10,
                "FieldTypes": "MYSQL_TYPE_VAR_STRING",
                "FieldDetail": "",
                "Decimals": 0,
                "Unused": 0
              }
            },
            {
              "Catalog": "def",
              "TableAlias": "lots",
              "Table": "lots",
              "Schema": "demo",
              "Column": "Necessitatibus_ea_debitis_iste",
              "ColumnAlias": "Necessitatibus_ea_debitis_iste",
              "TypeInfo": {
                "LengthOfFixedFields": 12,
                "CharacterSetNumber": 63,
                "MaxColumnSize": 11,
                "FieldTypes": "MYSQL_TYPE_LONG",
                "FieldDetail": "",
                "Decimals": 0,
                "Unused": 0
              }
            },
            {
              "Catalog": "def",
              "TableAlias": "lots",
              "Table": "lots",
              "Schema": "demo",
              "Column": "Commodi_saepe_in_expedita_nemo",
              "ColumnAlias": "Commodi_saepe_in_expedita_nemo",
              "TypeInfo": {
                "LengthOfFixedFields": 12,
                "CharacterSetNumber": 63,
                "MaxColumnSize": 4,
                "FieldTypes": "MYSQL_TYPE_TINY",
                "FieldDetail": "",
                "Decimals": 0,
                "Unused": 0
              }
            },
            {
              "Catalog": "def",
              "TableAlias": "lots",
              "Table": "lots",
              "Schema": "demo",
              "Column": "Quibusdam_eligendi_doloribus_u",
              "ColumnAlias": "Quibusdam_eligendi_doloribus_u",
              "TypeInfo": {
                "LengthOfFixedFields": 12,
                "CharacterSetNumber": 8,
                "MaxColumnSize": 10,
                "FieldTypes": "MYSQL_TYPE_VAR_STRING",
                "FieldDetail": "",
                "Decimals": 0,
                "Unused": 0
              }
            },
            {
              "Catalog": "def",
              "TableAlias": "lots",
              "Table": "lots",
              "Schema": "demo",
              "Column": "Ut_id_necessitatibus_nulla_et_",
              "ColumnAlias": "Ut_id_necessitatibus_nulla_et_",
              "TypeInfo": {
                "LengthOfFixedFields": 12,
                "CharacterSetNumber": 8,
                "MaxColumnSize": 65535,
                "FieldTypes": "MYSQL_TYPE_BLOB",
                "FieldDetail": "BLOB",
                "Decimals": 0,
                "Unused": 0
              }
            },
            {
              "Catalog": "def",
              "TableAlias": "lots",
              "Table": "lots",
              "Schema": "demo",
              "Column": "Possimus_deserunt_libero_cum_e",
              "ColumnAlias": "Possimus_deserunt_libero_cum_e",
              "TypeInfo": {
                "LengthOfFixedFields": 12,
                "CharacterSetNumber": 63,
                "MaxColumnSize": 4,
                "FieldTypes": "MYSQL_TYPE_TINY",
                "FieldDetail": "",
                "Decimals": 0,
                "Unused": 0
              }
            },
            {
              "Catalog": "def",
              "TableAlias": "lots",
              "Table": "lots",
              "Schema": "demo",
              "Column": "Recusandae_doloremque_eveniet_",
              "ColumnAlias": "Recusandae_doloremque_eveniet_",
              "TypeInfo": {
                "LengthOfFixedFields": 12,
                "CharacterSetNumber": 63,
                "MaxColumnSize": 11,
                "FieldTypes": "MYSQL_TYPE_LONG",
                "FieldDetail": "",
                "Decimals": 0,
                "Unused": 0
              }
            },
            {
              "Catalog": "def",
              "TableAlias": "lots",
              "Table": "lots",
              "Schema": "demo",
              "Column": "Odio_et_omnis_non_accusantium_",
              "ColumnAlias": "Odio_et_omnis_non_accusantium_",
              "TypeInfo": {
                "LengthOfFixedFields": 12,
                "CharacterSetNumber": 63,
                "MaxColumnSize": 11,
                "FieldTypes": "MYSQL_TYPE_LONG",
                "FieldDetail": "",
                "Decimals": 0,
                "Unused": 0
              }
            },
            {
              "Catalog": "def",
              "TableAlias": "lots",
              "Table": "lots",
              "Schema": "demo",
              "Column": "Aspernatur_cumque_ipsa_ut_illo",
              "ColumnAlias": "Aspernatur_cumque_ipsa_ut_illo",
              "TypeInfo": {
                "LengthOfFixedFields": 12,
                "CharacterSetNumber": 8,
                "MaxColumnSize": 65535,
                "FieldTypes": "MYSQL_TYPE_BLOB",
                "FieldDetail": "BLOB",
                "Decimals": 0,
                "Unused": 0
              }
            },
            {
              "Catalog": "def",
              "TableAlias": "lots",
              "Table": "lots",
              "Schema": "demo",
              "Column": "Aut_blanditiis_id_architecto_v",
              "ColumnAlias": "Aut_blanditiis_id_architecto_v",
              "TypeInfo": {
                "LengthOfFixedFields": 12,
                "CharacterSetNumber": 63,
                "MaxColumnSize": 4,
                "FieldTypes": "MYSQL_TYPE_TINY",
                "FieldDetail": "",
                "Decimals": 0,
                "Unused": 0
              }
            },
            {
              "Catalog": "def",
              "TableAlias": "lots",
              "Table": "lots",
              "Schema": "demo",
              "Column": "Ratione_eaque_rem_non",
              "ColumnAlias": "Ratione_eaque_rem_non",
              "TypeInfo": {
                "LengthOfFixedFields": 12,
                "CharacterSetNumber": 8,
                "MaxColumnSize": 50,
                "FieldTypes": "MYSQL_TYPE_VAR_STRING",
                "FieldDetail": "",
                "Decimals": 0,
                "Unused": 0
              }
            },
            {
              "Catalog": "def",
              "TableAlias": "lots",
              "Table": "lots",
              "Schema": "demo",
              "Column": "Velit_quia_dolorum_nisi_praese",
              "ColumnAlias": "Velit_quia_dolorum_nisi_praese",
              "TypeInfo": {
                "LengthOfFixedFields": 12,
                "CharacterSetNumber": 63,
                "MaxColumnSize": 4,
                "FieldTypes": "MYSQL_TYPE_TINY",
                "FieldDetail": "",
                "Decimals": 0,
                "Unused": 0
              }
            },
            {
              "Catalog": "def",
              "TableAlias": "lots",
              "Table": "lots",
              "Schema": "demo",
              "Column": "Mollitia_voluptas_qui_inventor",
              "ColumnAlias": "Mollitia_voluptas_qui_inventor",
              "TypeInfo": {
                "LengthOfFixedFields": 12,
                "CharacterSetNumber": 8,
                "MaxColumnSize": 50,
                "FieldTypes": "MYSQL_TYPE_VAR_STRING",
                "FieldDetail": "",
                "Decimals": 0,
                "Unused": 0
              }
            },
            {
              "Catalog": "def",
              "TableAlias": "lots",
              "Table": "lots",
              "Schema": "demo",
              "Column": "Voluptas_nostrum_ut_adipisci_e",
              "ColumnAlias": "Voluptas_nostrum_ut_adipisci_e",
              "TypeInfo": {
                "LengthOfFixedFields": 12,
                "CharacterSetNumber": 8,
                "MaxColumnSize": 10,
                "FieldTypes": "MYSQL_TYPE_VAR_STRING",
                "FieldDetail": "",
                "Decimals": 0,
                "Unused": 0
              }
            },
            {
              "Catalog": "def",
              "TableAlias": "lots",
              "Table": "lots",
              "Schema": "demo",
              "Column": "Natus_fugiat_ullam_voluptate_b",
              "ColumnAlias": "Natus_fugiat_ullam_voluptate_b",
              "TypeInfo": {
                "LengthOfFixedFields": 12,
                "CharacterSetNumber": 63,
                "MaxColumnSize": 65535,
                "FieldTypes": "MYSQL_TYPE_BLOB",
                "FieldDetail": "BLOB|BINARY_COLLATION",
                "Decimals": 0,
                "Unused": 0
              }
            },
            {
              "Catalog": "def",
              "TableAlias": "lots",
              "Table": "lots",
              "Schema": "demo",
              "Column": "Et_optio_aliquid_praesentium_s",
              "ColumnAlias": "Et_optio_aliquid_praesentium_s",
              "TypeInfo": {
                "LengthOfFixedFields": 12,
                "CharacterSetNumber": 8,
                "MaxColumnSize": 10,
                "FieldTypes": "MYSQL_TYPE_VAR_STRING",
                "FieldDetail": "",
                "Decimals": 0,
                "Unused": 0
              }
            },
            {
              "Catalog": "def",
              "TableAlias": "lots",
              "Table": "lots",
              "Schema": "demo",
              "Column": "Minus_in_nesciunt_molestiae",
              "ColumnAlias": "Minus_in_nesciunt_molestiae",
              "TypeInfo": {
                "LengthOfFixedFields": 12,
                "CharacterSetNumber": 8,
                "MaxColumnSize": 50,
                "FieldTypes": "MYSQL_TYPE_VAR_STRING",
                "FieldDetail": "",
                "Decimals": 0,
                "Unused": 0
              }
            },
            {
              "Catalog": "def",
              "TableAlias": "lots",
              "Table": "lots",
              "Schema": "demo",
              "Column": "Iste_possimus_qui_fugit",
              "ColumnAlias": "Iste_possimus_qui_fugit",
              "TypeInfo": {
                "LengthOfFixedFields": 12,
                "CharacterSetNumber": 63,
                "MaxColumnSize": 4,
                "FieldTypes": "MYSQL_TYPE_TINY",
                "FieldDetail": "",
                "Decimals": 0,
                "Unused": 0
              }
            },
            {
              "Catalog": "def",
              "TableAlias": "lots",
              "Table": "lots",
              "Schema": "demo",
              "Column": "Id_soluta_harum_exercitationem",
              "ColumnAlias": "Id_soluta_harum_exercitationem",
              "TypeInfo": {
                "LengthOfFixedFields": 12,
                "CharacterSetNumber": 8,
                "MaxColumnSize": 10,
                "FieldTypes": "MYSQL_TYPE_VAR_STRING",
                "FieldDetail": "",
                "Decimals": 0,
                "Unused": 0
              }
            },
            {
              "Catalog": "def",
              "TableAlias": "lots",
              "Table": "lots",
              "Schema": "demo",
              "Column": "Quo_exercitationem_voluptas_au",
              "ColumnAlias": "Quo_exercitationem_voluptas_au",
              "TypeInfo": {
                "LengthOfFixedFields": 12,
                "CharacterSetNumber": 8,
                "MaxColumnSize": 65535,
                "FieldTypes": "MYSQL_TYPE_BLOB",
                "FieldDetail": "BLOB",
                "Decimals": 0,
                "Unused": 0
              }
            },
            {
              "Catalog": "def",
              "TableAlias": "lots",
              "Table": "lots",
              "Schema": "demo",
              "Column": "Itaque_animi_dolore_dolor_est_",
              "ColumnAlias": "Itaque_animi_dolore_dolor_est_",
              "TypeInfo": {
                "LengthOfFixedFields": 12,
                "CharacterSetNumber": 8,
                "MaxColumnSize": 10,
                "FieldTypes": "MYSQL_TYPE_VAR_STRING",
                "FieldDetail": "",
                "Decimals": 0,
                "Unused": 0
              }
            },
            {
              "Catalog": "def",
              "TableAlias": "lots",
              "Table": "lots",
              "Schema": "demo",
              "Column": "Impedit_suscipit_odio_voluptat",
              "ColumnAlias": "Impedit_suscipit_odio_voluptat",
              "TypeInfo": {
                "LengthOfFixedFields": 12,
                "CharacterSetNumber": 8,
                "MaxColumnSize": 65535,
                "FieldTypes": "MYSQL_TYPE_BLOB",
                "FieldDetail": "BLOB",
                "Decimals": 0,
                "Unused": 0
              }
            },
            {
              "Catalog": "def",
              "TableAlias": "lots",
              "Table": "lots",
              "Schema": "demo",
              "Column": "Aut_voluptatibus_voluptas_ipsa",
              "ColumnAlias": "Aut_voluptatibus_voluptas_ipsa",
              "TypeInfo": {
                "LengthOfFixedFields": 12,
                "CharacterSetNumber": 63,
                "MaxColumnSize": 11,
                "FieldTypes": "MYSQL_TYPE_LONG",
                "FieldDetail": "",
                "Decimals": 0,
                "Unused": 0
              }
            },
            {
              "Catalog": "def",
              "TableAlias": "lots",
              "Table": "lots",
              "Schema": "demo",
              "Column": "Repellendus_ad_nulla_quia_maio",
              "ColumnAlias": "Repellendus_ad_nulla_quia_maio",
              "TypeInfo": {
                "LengthOfFixedFields": 12,
                "CharacterSetNumber": 63,
                "MaxColumnSize": 11,
                "FieldTypes": "MYSQL_TYPE_LONG",
                "FieldDetail": "",
                "Decimals": 0,
                "Unused": 0
              }
            },
            {
              "Catalog": "def",
              "TableAlias": "lots",
              "Table": "lots",
              "Schema": "demo",
              "Column": "Laboriosam_exercitationem_quia",
              "ColumnAlias": "Laboriosam_exercitationem_quia",
              "TypeInfo": {
                "LengthOfFixedFields": 12,
                "CharacterSetNumber": 8,
                "MaxColumnSize": 50,
                "FieldTypes": "MYSQL_TYPE_VAR_STRING",
                "FieldDetail": "",
                "Decimals": 0,
                "Unused": 0
              }
            },
            {
              "Catalog": "def",
              "TableAlias": "lots",
              "Table": "lots",
              "Schema": "demo",
              "Column": "Nisi_sed_ea_ad_sed",
              "ColumnAlias": "Nisi_sed_ea_ad_sed",
              "TypeInfo": {
                "LengthOfFixedFields": 12,
                "CharacterSetNumber": 63,
                "MaxColumnSize": 4,
                "FieldTypes": "MYSQL_TYPE_TINY",
                "FieldDetail": "",
                "Decimals": 0,
                "Unused": 0
              }
            },
            {
              "Catalog": "def",
              "TableAlias": "lots",
              "Table": "lots",
              "Schema": "demo",
              "Column": "Minus_sunt_ut_repudiandae",
              "ColumnAlias": "Minus_sunt_ut_repudiandae",
              "TypeInfo": {
                "LengthOfFixedFields": 12,
                "CharacterSetNumber": 63,
                "MaxColumnSize": 65535,
                "FieldTypes": "MYSQL_TYPE_BLOB",
                "FieldDetail": "BLOB|BINARY_COLLATION",
                "Decimals": 0,
                "Unused": 0
              }
            },
            {
              "Catalog": "def",
              "TableAlias": "lots",
              "Table": "lots",
              "Schema": "demo",
              "Column": "Nihil_hic_asperiores_asperiore",
              "ColumnAlias": "Nihil_hic_asperiores_asperiore",
              "TypeInfo": {
                "LengthOfFixedFields": 12,
                "CharacterSetNumber": 63,
                "MaxColumnSize": 11,
                "FieldTypes": "MYSQL_TYPE_LONG",
                "FieldDetail": "",
                "Decimals": 0,
                "Unused": 0
              }
            },
            {
              "Catalog": "def",
              "TableAlias": "lots",
              "Table": "lots",
              "Schema": "demo",
              "Column": "Aut_sint_pariatur_est_voluptat",
              "ColumnAlias": "Aut_sint_pariatur_est_voluptat",
              "TypeInfo": {
                "LengthOfFixedFields": 12,
                "CharacterSetNumber": 8,
                "MaxColumnSize": 10,
                "FieldTypes": "MYSQL_TYPE_VAR_STRING",
                "FieldDetail": "",
                "Decimals": 0,
                "Unused": 0
              }
            },
            {
              "Catalog": "def",
              "TableAlias": "lots",
              "Table": "lots",
              "Schema": "demo",
              "Column": "Dicta_fugiat_saepe_porro",
              "ColumnAlias": "Dicta_fugiat_saepe_porro",
              "TypeInfo": {
                "LengthOfFixedFields": 12,
                "CharacterSetNumber": 63,
                "MaxColumnSize": 11,
                "FieldTypes": "MYSQL_TYPE_LONG",
                "FieldDetail": "",
                "Decimals": 0,
                "Unused": 0
              }
            },
            {
              "Catalog": "def",
              "TableAlias": "lots",
              "Table": "lots",
              "Schema": "demo",
              "Column": "Occaecati_vel_eligendi_harum_e",
              "ColumnAlias": "Occaecati_vel_eligendi_harum_e",
              "TypeInfo": {
                "LengthOfFixedFields": 12,
                "CharacterSetNumber": 63,
                "MaxColumnSize": 4,
                "FieldTypes": "MYSQL_TYPE_TINY",
                "FieldDetail": "",
                "Decimals": 0,
                "Unused": 0
              }
            },
            {
              "Catalog": "def",
              "TableAlias": "lots",
              "Table": "lots",
              "Schema": "demo",
              "Column": "Necessitatibus_eveniet_tempori",
              "ColumnAlias": "Necessitatibus_eveniet_tempori",
              "TypeInfo": {
                "LengthOfFixedFields": 12,
                "CharacterSetNumber": 63,
                "MaxColumnSize": 11,
                "FieldTypes": "MYSQL_TYPE_LONG",
                "FieldDetail": "",
                "Decimals": 0,
                "Unused": 0
              }
            },
            {
              "Catalog": "def",
              "TableAlias": "lots",
              "Table": "lots",
              "Schema": "demo",
              "Column": "Tempore_consequatur_voluptatib",
              "ColumnAlias": "Tempore_consequatur_voluptatib",
              "TypeInfo": {
                "LengthOfFixedFields": 12,
                "CharacterSetNumber": 63,
                "MaxColumnSize": 4,
                "FieldTypes": "MYSQL_TYPE_TINY",
                "FieldDetail": "",
                "Decimals": 0,
                "Unused": 0
              }
            },
            {
              "Catalog": "def",
              "TableAlias": "lots",
              "Table": "lots",
              "Schema": "demo",
              "Column": "Placeat_nisi_nobis_rerum",
              "ColumnAlias": "Placeat_nisi_nobis_rerum",
              "TypeInfo": {
                "LengthOfFixedFields": 12,
                "CharacterSetNumber": 63,
                "MaxColumnSize": 65535,
                "FieldTypes": "MYSQL_TYPE_BLOB",
                "FieldDetail": "BLOB|BINARY_COLLATION",
                "Decimals": 0,
                "Unused": 0
              }
            },
            {
              "Catalog": "def",
              "TableAlias": "lots",
              "Table": "lots",
              "Schema": "demo",
              "Column": "Consequuntur_eum_quas_facilis_",
              "ColumnAlias": "Consequuntur_eum_quas_facilis_",
              "TypeInfo": {
                "LengthOfFixedFields": 12,
                "CharacterSetNumber": 63,
                "MaxColumnSize": 4,
                "FieldTypes": "MYSQL_TYPE_TINY",
                "FieldDetail": "",
                "Decimals": 0,
                "Unused": 0
              }
            },
            {
              "Catalog": "def",
              "TableAlias": "lots",
              "Table": "lots",
              "Schema": "demo",
              "Column": "Voluptate_id_ea_enim_nobis_non",
              "ColumnAlias": "Voluptate_id_ea_enim_nobis_non",
              "TypeInfo": {
                "LengthOfFixedFields": 12,
                "CharacterSetNumber": 8,
                "MaxColumnSize": 10,
                "FieldTypes": "MYSQL_TYPE_VAR_STRING",
                "FieldDetail": "",
                "Decimals": 0,
                "Unused": 0
              }
            },
            {
              "Catalog": "def",
              "TableAlias": "lots",
              "Table": "lots",
              "Schema": "demo",
              "Column": "Id_et_sed_quidem_a",
              "ColumnAlias": "Id_et_sed_quidem_a",
              "TypeInfo": {
                "LengthOfFixedFields": 12,
                "CharacterSetNumber": 63,
                "MaxColumnSize": 65535,
                "FieldTypes": "MYSQL_TYPE_BLOB",
                "FieldDetail": "BLOB|BINARY_COLLATION",
                "Decimals": 0,
                "Unused": 0
              }
            },
            {
              "Catalog": "def",
              "TableAlias": "lots",
              "Table": "lots",
              "Schema": "demo",
              "Column": "Consectetur_esse_aspernatur_po",
              "ColumnAlias": "Consectetur_esse_aspernatur_po",
              "TypeInfo": {
                "LengthOfFixedFields": 12,
                "CharacterSetNumber": 63,
                "MaxColumnSize": 65535,
                "FieldTypes": "MYSQL_TYPE_BLOB",
                "FieldDetail": "BLOB|BINARY_COLLATION",
                "Decimals": 0,
                "Unused": 0
              }
            },
            {
              "Catalog": "def",
              "TableAlias": "lots",
              "Table": "lots",
              "Schema": "demo",
              "Column": "Dolorem_atque_sint_explicabo_e",
              "ColumnAlias": "Dolorem_atque_sint_explicabo_e",
              "TypeInfo": {
                "LengthOfFixedFields": 12,
                "CharacterSetNumber": 8,
                "MaxColumnSize": 10,
                "FieldTypes": "MYSQL_TYPE_VAR_STRING",
                "FieldDetail": "",
                "Decimals": 0,
                "Unused": 0
              }
            },
            {
              "Catalog": "def",
              "TableAlias": "lots",
              "Table": "lots",
              "Schema": "demo",
              "Column": "Dolor_consequuntur_est_consequ",
              "ColumnAlias": "Dolor_consequuntur_est_consequ",
              "TypeInfo": {
                "LengthOfFixedFields": 12,
                "CharacterSetNumber": 8,
                "MaxColumnSize": 50,
                "FieldTypes": "MYSQL_TYPE_VAR_STRING",
                "FieldDetail": "",
                "Decimals": 0,
                "Unused": 0
              }
            },
            {
              "Catalog": "def",
              "TableAlias": "lots",
              "Table": "lots",
              "Schema": "demo",
              "Column": "Omnis_ut_ad_corrupti_expedita",
              "ColumnAlias": "Omnis_ut_ad_corrupti_expedita",
              "TypeInfo": {
                "LengthOfFixedFields": 12,
                "CharacterSetNumber": 8,
                "MaxColumnSize": 50,
                "FieldTypes": "MYSQL_TYPE_VAR_STRING",
                "FieldDetail": "",
                "Decimals": 0,
                "Unused": 0
              }
            },
            {
              "Catalog": "def",
              "TableAlias": "lots",
              "Table": "lots",
              "Schema": "demo",
              "Column": "Aut_suscipit_nihil_voluptatum_",
              "ColumnAlias": "Aut_suscipit_nihil_voluptatum_",
              "TypeInfo": {
                "LengthOfFixedFields": 12,
                "CharacterSetNumber": 8,
                "MaxColumnSize": 65535,
                "FieldTypes": "MYSQL_TYPE_BLOB",
                "FieldDetail": "BLOB",
                "Decimals": 0,
                "Unused": 0
              }
            },
            {
              "Catalog": "def",
              "TableAlias": "lots",
              "Table": "lots",
              "Schema": "demo",
              "Column": "Exercitationem_maxime_deleniti",
              "ColumnAlias": "Exercitationem_maxime_deleniti",
              "TypeInfo": {
                "LengthOfFixedFields": 12,
                "CharacterSetNumber": 63,
                "MaxColumnSize": 11,
                "FieldTypes": "MYSQL_TYPE_LONG",
                "FieldDetail": "",
                "Decimals": 0,
                "Unused": 0
              }
            },
            {
              "Catalog": "def",
              "TableAlias": "lots",
              "Table": "lots",
              "Schema": "demo",
              "Column": "Corporis_et_facere_voluptatem",
              "ColumnAlias": "Corporis_et_facere_voluptatem",
              "TypeInfo": {
                "LengthOfFixedFields": 12,
                "CharacterSetNumber": 8,
                "MaxColumnSize": 65535,
                "FieldTypes": "MYSQL_TYPE_BLOB",
                "FieldDetail": "BLOB",
                "Decimals": 0,
                "Unused": 0
              }
            },
            {
              "Catalog": "def",
              "TableAlias": "lots",
              "Table": "lots",
              "Schema": "demo",
              "Column": "Rem_cumque_quis_aut",
              "ColumnAlias": "Rem_cumque_quis_aut",
              "TypeInfo": {
                "LengthOfFixedFields": 12,
                "CharacterSetNumber": 63,
                "MaxColumnSize": 11,
                "FieldTypes": "MYSQL_TYPE_LONG",
                "FieldDetail": "",
                "Decimals": 0,
                "Unused": 0
              }
            },
            {
              "Catalog": "def",
              "TableAlias": "lots",
              "Table": "lots",
              "Schema": "demo",
              "Column": "Consequatur_iste_modi_esse_odi",
              "ColumnAlias": "Consequatur_iste_modi_esse_odi",
              "TypeInfo": {
                "LengthOfFixedFields": 12,
                "CharacterSetNumber": 8,
                "MaxColumnSize": 65535,
                "FieldTypes": "MYSQL_TYPE_BLOB",
                "FieldDetail": "BLOB",
                "Decimals": 0,
                "Unused": 0
              }
            },
            {
              "Catalog": "def",
              "TableAlias": "lots",
              "Table": "lots",
              "Schema": "demo",
              "Column": "Quia_dolor_impedit_nobis_liber",
              "ColumnAlias": "Quia_dolor_impedit_nobis_liber",
              "TypeInfo": {
                "LengthOfFixedFields": 12,
                "CharacterSetNumber": 8,
                "MaxColumnSize": 50,
                "FieldTypes": "MYSQL_TYPE_VAR_STRING",
                "FieldDetail": "",
                "Decimals": 0,
                "Unused": 0
              }
            },
            {
              "Catalog": "def",
              "TableAlias": "lots",
              "Table": "lots",
              "Schema": "demo",
              "Column": "Et_sunt_accusantium_sint_labor",
              "ColumnAlias": "Et_sunt_accusantium_sint_labor",
              "TypeInfo": {
                "LengthOfFixedFields": 12,
                "CharacterSetNumber": 8,
                "MaxColumnSize": 10,
                "FieldTypes": "MYSQL_TYPE_VAR_STRING",
                "FieldDetail": "",
                "Decimals": 0,
                "Unused": 0
              }
            },
            {
              "Catalog": "def",
              "TableAlias": "lots",
              "Table": "lots",
              "Schema": "demo",
              "Column": "Adipisci_voluptatibus_numquam_",
              "ColumnAlias": "Adipisci_voluptatibus_numquam_",
              "TypeInfo": {
                "LengthOfFixedFields": 12,
                "CharacterSetNumber": 63,
                "MaxColumnSize": 11,
                "FieldTypes": "MYSQL_TYPE_LONG",
                "FieldDetail": "",
                "Decimals": 0,
                "Unused": 0
              }
            },
            {
              "Catalog": "def",
              "TableAlias": "lots",
              "Table": "lots",
              "Schema": "demo",
              "Column": "Qui_et_et_inventore_ut_numquam",
              "ColumnAlias": "Qui_et_et_inventore_ut_numquam",
              "TypeInfo": {
                "LengthOfFixedFields": 12,
                "CharacterSetNumber": 8,
                "MaxColumnSize": 50,
                "FieldTypes": "MYSQL_TYPE_VAR_STRING",
                "FieldDetail": "",
                "Decimals": 0,
                "Unused": 0
              }
            },
            {
              "Catalog": "def",
              "TableAlias": "lots",
              "Table": "lots",
              "Schema": "demo",
              "Column": "Aspernatur_id_iusto_sequi_sunt",
              "ColumnAlias": "Aspernatur_id_iusto_sequi_sunt",
              "TypeInfo": {
                "LengthOfFixedFields": 12,
                "CharacterSetNumber": 8,
                "MaxColumnSize": 10,
                "FieldTypes": "MYSQL_TYPE_VAR_STRING",
                "FieldDetail": "",
                "Decimals": 0,
                "Unused": 0
              }
            },
            {
              "Catalog": "def",
              "TableAlias": "lots",
              "Table": "lots",
              "Schema": "demo",
              "Column": "Incidunt_deleniti_sunt_ea_reru",
              "ColumnAlias": "Incidunt_deleniti_sunt_ea_reru",
              "TypeInfo": {
                "LengthOfFixedFields": 12,
                "CharacterSetNumber": 8,
                "MaxColumnSize": 65535,
                "FieldTypes": "MYSQL_TYPE_BLOB",
                "FieldDetail": "BLOB",
                "Decimals": 0,
                "Unused": 0
              }
            },
            {
              "Catalog": "def",
              "TableAlias": "lots",
              "Table": "lots",
              "Schema": "demo",
              "Column": "Est_debitis_ea_sequi_esse_sequ",
              "ColumnAlias": "Est_debitis_ea_sequi_esse_sequ",
              "TypeInfo": {
                "LengthOfFixedFields": 12,
                "CharacterSetNumber": 63,
                "MaxColumnSize": 11,
                "FieldTypes": "MYSQL_TYPE_LONG",
                "FieldDetail": "",
                "Decimals": 0,
                "Unused": 0
              }
            },
            {
              "Catalog": "def",
              "TableAlias": "lots",
              "Table": "lots",
              "Schema": "demo",
              "Column": "Labore_distinctio_cum_vero_mol",
              "ColumnAlias": "Labore_distinctio_cum_vero_mol",
              "TypeInfo": {
                "LengthOfFixedFields": 12,
                "CharacterSetNumber": 8,
                "MaxColumnSize": 65535,
                "FieldTypes": "MYSQL_TYPE_BLOB",
                "FieldDetail": "BLOB",
                "Decimals": 0,
                "Unused": 0
              }
            },
            {
              "Catalog": "def",
              "TableAlias": "lots",
              "Table": "lots",
              "Schema": "demo",
              "Column": "Quaerat_et_cumque_ad_qui_vero_",
              "ColumnAlias": "Quaerat_et_cumque_ad_qui_vero_",
              "TypeInfo": {
                "LengthOfFixedFields": 12,
                "CharacterSetNumber": 63,
                "MaxColumnSize": 11,
                "FieldTypes": "MYSQL_TYPE_LONG",
                "FieldDetail": "",
                "Decimals": 0,
                "Unused": 0
              }
            },
            {
              "Catalog": "def",
              "TableAlias": "lots",
              "Table": "lots",
              "Schema": "demo",
              "Column": "Laborum_sed_totam_earum_repreh",
              "ColumnAlias": "Laborum_sed_totam_earum_repreh",
              "TypeInfo": {
                "LengthOfFixedFields": 12,
                "CharacterSetNumber": 63,
                "MaxColumnSize": 11,
                "FieldTypes": "MYSQL_TYPE_LONG",
                "FieldDetail": "",
                "Decimals": 0,
                "Unused": 0
              }
            },
            {
              "Catalog": "def",
              "TableAlias": "lots",
              "Table": "lots",
              "Schema": "demo",
              "Column": "Velit_rerum_vel_beatae_nulla_c",
              "ColumnAlias": "Velit_rerum_vel_beatae_nulla_c",
              "TypeInfo": {
                "LengthOfFixedFields": 12,
                "CharacterSetNumber": 63,
                "MaxColumnSize": 4,
                "FieldTypes": "MYSQL_TYPE_TINY",
                "FieldDetail": "",
                "Decimals": 0,
                "Unused": 0
              }
            },
            {
              "Catalog": "def",
              "TableAlias": "lots",
              "Table": "lots",
              "Schema": "demo",
              "Column": "Eaque_aspernatur_qui_quos",
              "ColumnAlias": "Eaque_aspernatur_qui_quos",
              "TypeInfo": {
                "LengthOfFixedFields": 12,
                "CharacterSetNumber": 8,
                "MaxColumnSize": 50,
                "FieldTypes": "MYSQL_TYPE_VAR_STRING",
                "FieldDetail": "",
                "Decimals": 0,
                "Unused": 0
              }
            },
            {
              "Catalog": "def",
              "TableAlias": "lots",
              "Table": "lots",
              "Schema": "demo",
              "Column": "Eligendi_sunt_autem_porro_quis",
              "ColumnAlias": "Eligendi_sunt_autem_porro_quis",
              "TypeInfo": {
                "LengthOfFixedFields": 12,
                "CharacterSetNumber": 8,
                "MaxColumnSize": 10,
                "FieldTypes": "MYSQL_TYPE_VAR_STRING",
                "FieldDetail": "",
                "Decimals": 0,
                "Unused": 0
              }
            },
            {
              "Catalog": "def",
              "TableAlias": "lots",
              "Table": "lots",
              "Schema": "demo",
              "Column": "Dolores_in_reiciendis_eum",
              "ColumnAlias": "Dolores_in_reiciendis_eum",
              "TypeInfo": {
                "LengthOfFixedFields": 12,
                "CharacterSetNumber": 63,
                "MaxColumnSize": 11,
                "FieldTypes": "MYSQL_TYPE_LONG",
                "FieldDetail": "",
                "Decimals": 0,
                "Unused": 0
              }
            },
            {
              "Catalog": "def",
              "TableAlias": "lots",
              "Table": "lots",
              "Schema": "demo",
              "Column": "At_ut_temporibus_saepe_non_ali",
              "ColumnAlias": "At_ut_temporibus_saepe_non_ali",
              "TypeInfo": {
                "LengthOfFixedFields": 12,
                "CharacterSetNumber": 8,
                "MaxColumnSize": 10,
                "FieldTypes": "MYSQL_TYPE_VAR_STRING",
                "FieldDetail": "",
                "Decimals": 0,
                "Unused": 0
              }
            },
            {
              "Catalog": "def",
              "TableAlias": "lots",
              "Table": "lots",
              "Schema": "demo",
              "Column": "Laudantium_dolor_corporis_pers",
              "ColumnAlias": "Laudantium_dolor_corporis_pers",
              "TypeInfo": {
                "LengthOfFixedFields": 12,
                "CharacterSetNumber": 8,
                "MaxColumnSize": 50,
                "FieldTypes": "MYSQL_TYPE_VAR_STRING",
                "FieldDetail": "",
                "Decimals": 0,
                "Unused": 0
              }
            },
            {
              "Catalog": "def",
              "TableAlias": "lots",
              "Table": "lots",
              "Schema": "demo",
              "Column": "Ratione_quae_dignissimos_quisq",
              "ColumnAlias": "Ratione_quae_dignissimos_quisq",
              "TypeInfo": {
                "LengthOfFixedFields": 12,
                "CharacterSetNumber": 8,
                "MaxColumnSize": 65535,
                "FieldTypes": "MYSQL_TYPE_BLOB",
                "FieldDetail": "BLOB",
                "Decimals": 0,
                "Unused": 0
              }
            },
            {
              "Catalog": "def",
              "TableAlias": "lots",
              "Table": "lots",
              "Schema": "demo",
              "Column": "Dignissimos_magnam_id_consequu",
              "ColumnAlias": "Dignissimos_magnam_id_consequu",
              "TypeInfo": {
                "LengthOfFixedFields": 12,
                "CharacterSetNumber": 8,
                "MaxColumnSize": 10,
                "FieldTypes": "MYSQL_TYPE_VAR_STRING",
                "FieldDetail": "",
                "Decimals": 0,
                "Unused": 0
              }
            },
            {
              "Catalog": "def",
              "TableAlias": "lots",
              "Table": "lots",
              "Schema": "demo",
              "Column": "Neque_tempore_est_expedita_omn",
              "ColumnAlias": "Neque_tempore_est_expedita_omn",
              "TypeInfo": {
                "LengthOfFixedFields": 12,
                "CharacterSetNumber": 8,
                "MaxColumnSize": 10,
                "FieldTypes": "MYSQL_TYPE_VAR_STRING",
                "FieldDetail": "",
                "Decimals": 0,
                "Unused": 0
              }
            },
            {
              "Catalog": "def",
              "TableAlias": "lots",
              "Table": "lots",
              "Schema": "demo",
              "Column": "Accusamus_odit_et_excepturi_ad",
              "ColumnAlias": "Accusamus_odit_et_excepturi_ad",
              "TypeInfo": {
                "LengthOfFixedFields": 12,
                "CharacterSetNumber": 8,
                "MaxColumnSize": 10,
                "FieldTypes": "MYSQL_TYPE_VAR_STRING",
                "FieldDetail": "",
                "Decimals": 0,
                "Unused": 0
              }
            },
            {
              "Catalog": "def",
              "TableAlias": "lots",
              "Table": "lots",
              "Schema": "demo",
              "Column": "Non_ipsa_perspiciatis_voluptas",
              "ColumnAlias": "Non_ipsa_perspiciatis_voluptas",
              "TypeInfo": {
                "LengthOfFixedFields": 12,
                "CharacterSetNumber": 63,
                "MaxColumnSize": 65535,
                "FieldTypes": "MYSQL_TYPE_BLOB",
                "FieldDetail": "BLOB|BINARY_COLLATION",
                "Decimals": 0,
                "Unused": 0
              }
            },
            {
              "Catalog": "def",
              "TableAlias": "lots",
              "Table": "lots",
              "Schema": "demo",
              "Column": "Consequatur_dolore_eum_necessi",
              "ColumnAlias": "Consequatur_dolore_eum_necessi",
              "TypeInfo": {
                "LengthOfFixedFields": 12,
                "CharacterSetNumber": 63,
                "MaxColumnSize": 65535,
                "FieldTypes": "MYSQL_TYPE_BLOB",
                "FieldDetail": "BLOB|BINARY_COLLATION",
                "Decimals": 0,
                "Unused": 0
              }
            },
            {
              "Catalog": "def",
              "TableAlias": "lots",
              "Table": "lots",
              "Schema": "demo",
              "Column": "Sed_dolor_est_reprehenderit_a_",
              "ColumnAlias": "Sed_dolor_est_reprehenderit_a_",
              "TypeInfo": {
                "LengthOfFixedFields": 12,
                "CharacterSetNumber": 63,
                "MaxColumnSize": 11,
                "FieldTypes": "MYSQL_TYPE_LONG",
                "FieldDetail": "",
                "Decimals": 0,
                "Unused": 0
              }
            }
          ],
          "Results": []
        },
        "Seen": []
      }
    ]
  }
]
