[
  {
    "Address": "127.0.0.1:56090 - 127.0.0.1:3306",
    "Items": null
  },
  {
    "Address": "127.0.0.1:56088 - 127.0.0.1:3306",
    "Items": null
  },
  {
    "Address": "127.0.0.1:56086 - 127.0.0.1:3306",
    "Items": null
  },
  {
    "Address": "127.0.0.1:56084 - 127.0.0.1:3306",
    "Items": null
  },
  {
    "Address": "127.0.0.1:56082 - 127.0.0.1:3306",
    "Items": null
  },
  {
    "Address": "127.0.0.1:56080 - 127.0.0.1:3306",
    "Items": null
  },
  {
    "Address": "127.0.0.1:56078 - 127.0.0.1:3306",
    "Items": null
  },
  {
    "Address": "127.0.0.1:56076 - 127.0.0.1:3306",
    "Items": null
  },
  {
    "Address": "127.0.0.1:56074 - 127.0.0.1:3306",
    "Items": null
  },
  {
    "Address": "127.0.0.1:56072 - 127.0.0.1:3306",
    "Items": null
  },
  {
    "Address": "127.0.0.1:56094 - 127.0.0.1:3306",
    "Items": [
      {
        "Data": {
          "Code": 1130,
          "Type": "Error",
          "Message": "Host '127.0.0.1' is not allowed to connect to this MySQL server"
        },
        "Seen": [
          "2021-04-02T16:56:13.005483Z"
        ]
      }
    ]
  }
]
