Connection: 127.0.0.1:33536 - 127.0.0.1:3306

Type: Greeting


Connection: 127.0.0.1:33538 - 127.0.0.1:3306

Type: Greeting


Type: Login


Type: OK


Type: Query
INSERT INTO test VALUES ( 2, 'TEST' )

Type: Error
42S02: Table 'demo.test' doesn't exist

Type: QUIT


Connection: 127.0.0.1:33540 - 127.0.0.1:3306

Type: Greeting


Type: Login


Type: OK


Type: Prepare
INSERT INTO peeps (name, age) VALUES ( ?, ? )


Type: Execute
"person", "33"

Type: OK


Type: MYSQL_STMT_CLOSE


Type: QUIT


