[
  {
    "Address": "192.168.32.4:34992 - 192.168.32.3:5000",
    "Items": null
  },
  {
    "Address": "192.168.32.4:34990 - 192.168.32.3:5000",
    "Items": null
  },
  {
    "Address": "192.168.32.4:34988 - 192.168.32.3:5000",
    "Items": null
  },
  {
    "Address": "192.168.32.4:34986 - 192.168.32.3:5000",
    "Items": null
  },
  {
    "Address": "192.168.32.4:34984 - 192.168.32.3:5000",
    "Items": null
  },
  {
    "Address": "192.168.32.4:34982 - 192.168.32.3:5000",
    "Items": null
  },
  {
    "Address": "192.168.32.4:34980 - 192.168.32.3:5000",
    "Items": null
  },
  {
    "Address": "192.168.32.4:34978 - 192.168.32.3:5000",
    "Items": null
  },
  {
    "Address": "192.168.32.4:34974 - 192.168.32.3:5000",
    "Items": null
  },
  {
    "Address": "192.168.32.4:34970 - 192.168.32.3:5000",
    "Items": null
  },
  {
    "Address": "192.168.32.4:34968 - 192.168.32.3:5000",
    "Items": null
  },
  {
    "Address": "192.168.32.4:34966 - 192.168.32.3:5000",
    "Items": null
  },
  {
    "Address": "192.168.32.4:34964 - 192.168.32.3:5000",
    "Items": null
  },
  {
    "Address": "192.168.32.4:34962 - 192.168.32.3:5000",
    "Items": null
  },
  {
    "Address": "192.168.32.4:34958 - 192.168.32.3:5000",
    "Items": null
  },
  {
    "Address": "192.168.32.4:34956 - 192.168.32.3:5000",
    "Items": null
  },
  {
    "Address": "192.168.32.4:34954 - 192.168.32.3:5000",
    "Items": null
  },
  {
    "Address": "192.168.32.4:34950 - 192.168.32.3:5000",
    "Items": null
  },
  {
    "Address": "192.168.32.4:34946 - 192.168.32.3:5000",
    "Items": null
  },
  {
    "Address": "192.168.32.4:34944 - 192.168.32.3:5000",
    "Items": null
  },
  {
    "Address": "192.168.32.4:34940 - 192.168.32.3:5000",
    "Items": null
  },
  {
    "Address": "192.168.32.1:46038 - 192.168.32.4:443",
    "Items": null
  },
  {
    "Address": "192.168.32.3:48522 - 192.168.32.2:3306",
    "Items": [
      {
        "Data": {
          "Capabilities": "196607: CLIENT_MYSQL|FOUND_ROWS|LONG_FLAG|CONNECT_WITH_DB|NO SCHEMA|COMPRESS|ODBC|LOCAL_FILES|IGNORE_SPACE|CLIENT_PROTOCOL_41|CLIENT_INTERACTIVE|SSL|TRANSACTIONS|SECURE_CONNECTION|UNKNOWN|UNKNOWN|MULTI_RESULTS",
          "Collation": 8,
          "Protocol": 10,
          "Version": "5.7.25",
          "Type": "Greeting"
        },
        "Seen": [
          "2020-06-05T18:17:53.298922Z"
        ]
      },
      {
        "Data": {
          "Type": "Login",
          "ClientCapabilities": "10396303: CLIENT_MYSQL|FOUND_ROWS|LONG_FLAG|CONNECT_WITH_DB|LOCAL_FILES|CLIENT_PROTOCOL_41|SECURE_CONNECTION|UNKNOWN|MULTI_RESULTS|PS_MULTI_RESULTS|PLUGIN_AUTH|CONNECT_ATTRS|CLIENT_SESSION_TRACK",
          "Collation": 8,
          "ExtendedCapabilities": 0,
          "MaxPacketSize": 1073741824,
          "Username": "site"
        },
        "Seen": [
          "2020-06-05T18:17:53.298962Z"
        ]
      },
      {
        "Data": {
          "AffectedRows": 0,
          "LastInsertID": 0,
          "ServerStatus": "4002: SERVER_STATUS_AUTOCOMMIT|SERVER_SESSION_STATE_CHANGED",
          "WarningCount": 0,
          "Type": "OK",
          "Info": ""
        },
        "Seen": [
          "2020-06-05T18:17:53.299068Z"
        ]
      },
      {
        "Data": {
          "Type": "Query",
          "Query": "\n        SELECT id       AS ID_ID,\n               name     AS ID_NAME,\n               username AS ID_USERNAME,\n               admin    AS ID_ADMIN\n        FROM users\n        WHERE id = 1"
        },
        "Seen": [
          "2020-06-05T18:18:01.938803Z"
        ]
      },
      {
        "Data": {
          "Type": "SQL results",
          "Columns": [
            {
              "Catalog": "def",
              "TableAlias": "users",
              "Table": "users",
              "Schema": "demo",
              "Column": "id",
              "ColumnAlias": "ID_ID",
              "TypeInfo": {
                "LengthOfFixedFields": 12,
                "CharacterSetNumber": 63,
                "MaxColumnSize": 11,
                "FieldTypes": "MYSQL_TYPE_LONG",
                "FieldDetail": "NOT_NULL|PRIMARY_KEY|AUTO_INCREMENT|PART_KEY_FLAG",
                "Decimals": 0,
                "Unused": 0
              }
            },
            {
              "Catalog": "def",
              "TableAlias": "users",
              "Table": "users",
              "Schema": "demo",
              "Column": "name",
              "ColumnAlias": "ID_NAME",
              "TypeInfo": {
                "LengthOfFixedFields": 12,
                "CharacterSetNumber": 8,
                "MaxColumnSize": 255,
                "FieldTypes": "MYSQL_TYPE_VAR_STRING",
                "FieldDetail": "",
                "Decimals": 0,
                "Unused": 0
              }
            },
            {
              "Catalog": "def",
              "TableAlias": "users",
              "Table": "users",
              "Schema": "demo",
              "Column": "username",
              "ColumnAlias": "ID_USERNAME",
              "TypeInfo": {
                "LengthOfFixedFields": 12,
                "CharacterSetNumber": 8,
                "MaxColumnSize": 255,
                "FieldTypes": "MYSQL_TYPE_VAR_STRING",
                "FieldDetail": "UNIQUE_KEY|PART_KEY_FLAG",
                "Decimals": 0,
                "Unused": 0
              }
            },
            {
              "Catalog": "def",
              "TableAlias": "users",
              "Table": "users",
              "Schema": "demo",
              "Column": "admin",
              "ColumnAlias": "ID_ADMIN",
              "TypeInfo": {
                "LengthOfFixedFields": 12,
                "CharacterSetNumber": 63,
                "MaxColumnSize": 3,
                "FieldTypes": "MYSQL_TYPE_TINY",
                "FieldDetail": "NOT_NULL|UNSIGNED",
                "Decimals": 0,
                "Unused": 0
              }
            }
          ],
          "Results": [
            [
              "1",
              "name",
              "username",
              "1"
            ]
          ]
        },
        "Seen": [
          "2020-06-05T18:18:01.939076Z"
        ]
      },
      {
        "Data": {
          "Type": "Query",
          "Query": "\n        SELECT id       AS ID_ID,\n               name     AS ID_NAME,\n               username AS ID_USERNAME,\n               admin    AS ID_ADMIN\n        FROM users\n        WHERE id = 1"
        },
        "Seen": [
          "2020-06-05T18:18:26.221841Z"
        ]
      },
      {
        "Data": {
          "Type": "SQL results",
          "Columns": [
            {
              "Catalog": "def",
              "TableAlias": "users",
              "Table": "users",
              "Schema": "demo",
              "Column": "id",
              "ColumnAlias": "ID_ID",
              "TypeInfo": {
                "LengthOfFixedFields": 12,
                "CharacterSetNumber": 63,
                "MaxColumnSize": 11,
                "FieldTypes": "MYSQL_TYPE_LONG",
                "FieldDetail": "NOT_NULL|PRIMARY_KEY|AUTO_INCREMENT|PART_KEY_FLAG",
                "Decimals": 0,
                "Unused": 0
              }
            },
            {
              "Catalog": "def",
              "TableAlias": "users",
              "Table": "users",
              "Schema": "demo",
              "Column": "name",
              "ColumnAlias": "ID_NAME",
              "TypeInfo": {
                "LengthOfFixedFields": 12,
                "CharacterSetNumber": 8,
                "MaxColumnSize": 255,
                "FieldTypes": "MYSQL_TYPE_VAR_STRING",
                "FieldDetail": "",
                "Decimals": 0,
                "Unused": 0
              }
            },
            {
              "Catalog": "def",
              "TableAlias": "users",
              "Table": "users",
              "Schema": "demo",
              "Column": "username",
              "ColumnAlias": "ID_USERNAME",
              "TypeInfo": {
                "LengthOfFixedFields": 12,
                "CharacterSetNumber": 8,
                "MaxColumnSize": 255,
                "FieldTypes": "MYSQL_TYPE_VAR_STRING",
                "FieldDetail": "UNIQUE_KEY|PART_KEY_FLAG",
                "Decimals": 0,
                "Unused": 0
              }
            },
            {
              "Catalog": "def",
              "TableAlias": "users",
              "Table": "users",
              "Schema": "demo",
              "Column": "admin",
              "ColumnAlias": "ID_ADMIN",
              "TypeInfo": {
                "LengthOfFixedFields": 12,
                "CharacterSetNumber": 63,
                "MaxColumnSize": 3,
                "FieldTypes": "MYSQL_TYPE_TINY",
                "FieldDetail": "NOT_NULL|UNSIGNED",
                "Decimals": 0,
                "Unused": 0
              }
            }
          ],
          "Results": [
            [
              "1",
              "name",
              "username",
              "1"
            ]
          ]
        },
        "Seen": [
          "2020-06-05T18:18:26.222559Z"
        ]
      },
      {
        "Data": {
          "Type": "Query",
          "Query": "\n        SELECT id       AS ID_ID,\n               name     AS ID_NAME,\n               username AS ID_USERNAME,\n               admin    AS ID_ADMIN\n        FROM users\n        WHERE id = 1"
        },
        "Seen": [
          "2020-06-05T18:18:45.125486Z"
        ]
      },
      {
        "Data": {
          "Type": "SQL results",
          "Columns": [
            {
              "Catalog": "def",
              "TableAlias": "users",
              "Table": "users",
              "Schema": "demo",
              "Column": "id",
              "ColumnAlias": "ID_ID",
              "TypeInfo": {
                "LengthOfFixedFields": 12,
                "CharacterSetNumber": 63,
                "MaxColumnSize": 11,
                "FieldTypes": "MYSQL_TYPE_LONG",
                "FieldDetail": "NOT_NULL|PRIMARY_KEY|AUTO_INCREMENT|PART_KEY_FLAG",
                "Decimals": 0,
                "Unused": 0
              }
            },
            {
              "Catalog": "def",
              "TableAlias": "users",
              "Table": "users",
              "Schema": "demo",
              "Column": "name",
              "ColumnAlias": "ID_NAME",
              "TypeInfo": {
                "LengthOfFixedFields": 12,
                "CharacterSetNumber": 8,
                "MaxColumnSize": 255,
                "FieldTypes": "MYSQL_TYPE_VAR_STRING",
                "FieldDetail": "",
                "Decimals": 0,
                "Unused": 0
              }
            },
            {
              "Catalog": "def",
              "TableAlias": "users",
              "Table": "users",
              "Schema": "demo",
              "Column": "username",
              "ColumnAlias": "ID_USERNAME",
              "TypeInfo": {
                "LengthOfFixedFields": 12,
                "CharacterSetNumber": 8,
                "MaxColumnSize": 255,
                "FieldTypes": "MYSQL_TYPE_VAR_STRING",
                "FieldDetail": "UNIQUE_KEY|PART_KEY_FLAG",
                "Decimals": 0,
                "Unused": 0
              }
            },
            {
              "Catalog": "def",
              "TableAlias": "users",
              "Table": "users",
              "Schema": "demo",
              "Column": "admin",
              "ColumnAlias": "ID_ADMIN",
              "TypeInfo": {
                "LengthOfFixedFields": 12,
                "CharacterSetNumber": 63,
                "MaxColumnSize": 3,
                "FieldTypes": "MYSQL_TYPE_TINY",
                "FieldDetail": "NOT_NULL|UNSIGNED",
                "Decimals": 0,
                "Unused": 0
              }
            }
          ],
          "Results": [
            [
              "1",
              "name",
              "username",
              "1"
            ]
          ]
        },
        "Seen": [
          "2020-06-05T18:18:45.12615Z"
        ]
      },
      {
        "Data": {
          "Type": "Query",
          "Query": "\n        SELECT id       AS ID_ID,\n               name     AS ID_NAME,\n               username AS ID_USERNAME,\n               admin    AS ID_ADMIN\n        FROM users\n        WHERE id = 1"
        },
        "Seen": [
          "2020-06-05T18:18:45.133113Z"
        ]
      },
      {
        "Data": {
          "Type": "SQL results",
          "Columns": [
            {
              "Catalog": "def",
              "TableAlias": "users",
              "Table": "users",
              "Schema": "demo",
              "Column": "id",
              "ColumnAlias": "ID_ID",
              "TypeInfo": {
                "LengthOfFixedFields": 12,
                "CharacterSetNumber": 63,
                "MaxColumnSize": 11,
                "FieldTypes": "MYSQL_TYPE_LONG",
                "FieldDetail": "NOT_NULL|PRIMARY_KEY|AUTO_INCREMENT|PART_KEY_FLAG",
                "Decimals": 0,
                "Unused": 0
              }
            },
            {
              "Catalog": "def",
              "TableAlias": "users",
              "Table": "users",
              "Schema": "demo",
              "Column": "name",
              "ColumnAlias": "ID_NAME",
              "TypeInfo": {
                "LengthOfFixedFields": 12,
                "CharacterSetNumber": 8,
                "MaxColumnSize": 255,
                "FieldTypes": "MYSQL_TYPE_VAR_STRING",
                "FieldDetail": "",
                "Decimals": 0,
                "Unused": 0
              }
            },
            {
              "Catalog": "def",
              "TableAlias": "users",
              "Table": "users",
              "Schema": "demo",
              "Column": "username",
              "ColumnAlias": "ID_USERNAME",
              "TypeInfo": {
                "LengthOfFixedFields": 12,
                "CharacterSetNumber": 8,
                "MaxColumnSize": 255,
                "FieldTypes": "MYSQL_TYPE_VAR_STRING",
                "FieldDetail": "UNIQUE_KEY|PART_KEY_FLAG",
                "Decimals": 0,
                "Unused": 0
              }
            },
            {
              "Catalog": "def",
              "TableAlias": "users",
              "Table": "users",
              "Schema": "demo",
              "Column": "admin",
              "ColumnAlias": "ID_ADMIN",
              "TypeInfo": {
                "LengthOfFixedFields": 12,
                "CharacterSetNumber": 63,
                "MaxColumnSize": 3,
                "FieldTypes": "MYSQL_TYPE_TINY",
                "FieldDetail": "NOT_NULL|UNSIGNED",
                "Decimals": 0,
                "Unused": 0
              }
            }
          ],
          "Results": [
            [
              "1",
              "name",
              "username",
              "1"
            ]
          ]
        },
        "Seen": [
          "2020-06-05T18:18:45.133776Z"
        ]
      },
      {
        "Data": {
          "Type": "Query",
          "Query": "UPDATE fish_and_chips\n            SET name = 'name',\n                food = 'testing'\n          WHERE id = '2';"
        },
        "Seen": [
          "2020-06-05T18:18:45.155233Z"
        ]
      },
      {
        "Data": {
          "AffectedRows": 1,
          "LastInsertID": 0,
          "ServerStatus": "2: SERVER_STATUS_AUTOCOMMIT",
          "WarningCount": 0,
          "Type": "OK",
          "Info": ""
        },
        "Seen": [
          "2020-06-05T18:18:45.184956Z"
        ]
      }
    ]
  },
  {
    "Address": "192.168.32.3:48528 - 192.168.32.2:3306",
    "Items": [
      {
        "Data": {
          "Capabilities": "196607: CLIENT_MYSQL|FOUND_ROWS|LONG_FLAG|CONNECT_WITH_DB|NO SCHEMA|COMPRESS|ODBC|LOCAL_FILES|IGNORE_SPACE|CLIENT_PROTOCOL_41|CLIENT_INTERACTIVE|SSL|TRANSACTIONS|SECURE_CONNECTION|UNKNOWN|UNKNOWN|MULTI_RESULTS",
          "Collation": 8,
          "Protocol": 10,
          "Version": "5.7.25",
          "Type": "Greeting"
        },
        "Seen": [
          "2020-06-05T18:17:57.703699Z"
        ]
      },
      {
        "Data": {
          "Type": "Login",
          "ClientCapabilities": "10396303: CLIENT_MYSQL|FOUND_ROWS|LONG_FLAG|CONNECT_WITH_DB|LOCAL_FILES|CLIENT_PROTOCOL_41|SECURE_CONNECTION|UNKNOWN|MULTI_RESULTS|PS_MULTI_RESULTS|PLUGIN_AUTH|CONNECT_ATTRS|CLIENT_SESSION_TRACK",
          "Collation": 8,
          "ExtendedCapabilities": 0,
          "MaxPacketSize": 1073741824,
          "Username": "site"
        },
        "Seen": [
          "2020-06-05T18:17:57.703844Z"
        ]
      },
      {
        "Data": {
          "AffectedRows": 0,
          "LastInsertID": 0,
          "ServerStatus": "4002: SERVER_STATUS_AUTOCOMMIT|SERVER_SESSION_STATE_CHANGED",
          "WarningCount": 0,
          "Type": "OK",
          "Info": ""
        },
        "Seen": [
          "2020-06-05T18:17:57.704048Z"
        ]
      },
      {
        "Data": {
          "Type": "Query",
          "Query": "\n        SELECT id       AS ID_ID,\n               name     AS ID_NAME,\n               username AS ID_USERNAME,\n               admin    AS ID_ADMIN\n        FROM users\n        WHERE id = 1"
        },
        "Seen": [
          "2020-06-05T18:18:06.507516Z"
        ]
      },
      {
        "Data": {
          "Type": "SQL results",
          "Columns": [
            {
              "Catalog": "def",
              "TableAlias": "users",
              "Table": "users",
              "Schema": "demo",
              "Column": "id",
              "ColumnAlias": "ID_ID",
              "TypeInfo": {
                "LengthOfFixedFields": 12,
                "CharacterSetNumber": 63,
                "MaxColumnSize": 11,
                "FieldTypes": "MYSQL_TYPE_LONG",
                "FieldDetail": "NOT_NULL|PRIMARY_KEY|AUTO_INCREMENT|PART_KEY_FLAG",
                "Decimals": 0,
                "Unused": 0
              }
            },
            {
              "Catalog": "def",
              "TableAlias": "users",
              "Table": "users",
              "Schema": "demo",
              "Column": "name",
              "ColumnAlias": "ID_NAME",
              "TypeInfo": {
                "LengthOfFixedFields": 12,
                "CharacterSetNumber": 8,
                "MaxColumnSize": 255,
                "FieldTypes": "MYSQL_TYPE_VAR_STRING",
                "FieldDetail": "",
                "Decimals": 0,
                "Unused": 0
              }
            },
            {
              "Catalog": "def",
              "TableAlias": "users",
              "Table": "users",
              "Schema": "demo",
              "Column": "username",
              "ColumnAlias": "ID_USERNAME",
              "TypeInfo": {
                "LengthOfFixedFields": 12,
                "CharacterSetNumber": 8,
                "MaxColumnSize": 255,
                "FieldTypes": "MYSQL_TYPE_VAR_STRING",
                "FieldDetail": "UNIQUE_KEY|PART_KEY_FLAG",
                "Decimals": 0,
                "Unused": 0
              }
            },
            {
              "Catalog": "def",
              "TableAlias": "users",
              "Table": "users",
              "Schema": "demo",
              "Column": "admin",
              "ColumnAlias": "ID_ADMIN",
              "TypeInfo": {
                "LengthOfFixedFields": 12,
                "CharacterSetNumber": 63,
                "MaxColumnSize": 3,
                "FieldTypes": "MYSQL_TYPE_TINY",
                "FieldDetail": "NOT_NULL|UNSIGNED",
                "Decimals": 0,
                "Unused": 0
              }
            }
          ],
          "Results": [
            [
              "1",
              "name",
              "username",
              "1"
            ]
          ]
        },
        "Seen": [
          "2020-06-05T18:18:06.508035Z"
        ]
      },
      {
        "Data": {
          "Type": "Query",
          "Query": "        SELECT name, ip, created, comments\n          FROM feedback\n      ORDER BY id DESC\n         LIMIT 20\n"
        },
        "Seen": [
          "2020-06-05T18:18:06.535159Z"
        ]
      },
      {
        "Data": {
          "Type": "SQL results",
          "Columns": [
            {
              "Catalog": "def",
              "TableAlias": "feedback",
              "Table": "feedback",
              "Schema": "demo",
              "Column": "name",
              "ColumnAlias": "name",
              "TypeInfo": {
                "LengthOfFixedFields": 12,
                "CharacterSetNumber": 8,
                "MaxColumnSize": 128,
                "FieldTypes": "MYSQL_TYPE_VAR_STRING",
                "FieldDetail": "NOT_NULL|NO_DEFAULT_VALUE_FLAG",
                "Decimals": 0,
                "Unused": 0
              }
            },
            {
              "Catalog": "def",
              "TableAlias": "feedback",
              "Table": "feedback",
              "Schema": "demo",
              "Column": "ip",
              "ColumnAlias": "ip",
              "TypeInfo": {
                "LengthOfFixedFields": 12,
                "CharacterSetNumber": 63,
                "MaxColumnSize": 10,
                "FieldTypes": "MYSQL_TYPE_LONG",
                "FieldDetail": "NOT_NULL|UNSIGNED|NO_DEFAULT_VALUE_FLAG",
                "Decimals": 0,
                "Unused": 0
              }
            },
            {
              "Catalog": "def",
              "TableAlias": "feedback",
              "Table": "feedback",
              "Schema": "demo",
              "Column": "created",
              "ColumnAlias": "created",
              "TypeInfo": {
                "LengthOfFixedFields": 12,
                "CharacterSetNumber": 63,
                "MaxColumnSize": 19,
                "FieldTypes": "MYSQL_TYPE_DATETIME",
                "FieldDetail": "BINARY_COLLATION",
                "Decimals": 0,
                "Unused": 0
              }
            },
            {
              "Catalog": "def",
              "TableAlias": "feedback",
              "Table": "feedback",
              "Schema": "demo",
              "Column": "comments",
              "ColumnAlias": "comments",
              "TypeInfo": {
                "LengthOfFixedFields": 12,
                "CharacterSetNumber": 8,
                "MaxColumnSize": 65535,
                "FieldTypes": "MYSQL_TYPE_BLOB",
                "FieldDetail": "NOT_NULL|BLOB|NO_DEFAULT_VALUE_FLAG",
                "Decimals": 0,
                "Unused": 0
              }
            }
          ],
          "Results": []
        },
        "Seen": [
          "2020-06-05T18:18:06.560223Z"
        ]
      },
      {
        "Data": {
          "Type": "Query",
          "Query": "\n        SELECT id       AS ID_ID,\n               name     AS ID_NAME,\n               username AS ID_USERNAME,\n               admin    AS ID_ADMIN\n        FROM users\n        WHERE id = 1"
        },
        "Seen": [
          "2020-06-05T18:18:29.499352Z"
        ]
      },
      {
        "Data": {
          "Type": "SQL results",
          "Columns": [
            {
              "Catalog": "def",
              "TableAlias": "users",
              "Table": "users",
              "Schema": "demo",
              "Column": "id",
              "ColumnAlias": "ID_ID",
              "TypeInfo": {
                "LengthOfFixedFields": 12,
                "CharacterSetNumber": 63,
                "MaxColumnSize": 11,
                "FieldTypes": "MYSQL_TYPE_LONG",
                "FieldDetail": "NOT_NULL|PRIMARY_KEY|AUTO_INCREMENT|PART_KEY_FLAG",
                "Decimals": 0,
                "Unused": 0
              }
            },
            {
              "Catalog": "def",
              "TableAlias": "users",
              "Table": "users",
              "Schema": "demo",
              "Column": "name",
              "ColumnAlias": "ID_NAME",
              "TypeInfo": {
                "LengthOfFixedFields": 12,
                "CharacterSetNumber": 8,
                "MaxColumnSize": 255,
                "FieldTypes": "MYSQL_TYPE_VAR_STRING",
                "FieldDetail": "",
                "Decimals": 0,
                "Unused": 0
              }
            },
            {
              "Catalog": "def",
              "TableAlias": "users",
              "Table": "users",
              "Schema": "demo",
              "Column": "username",
              "ColumnAlias": "ID_USERNAME",
              "TypeInfo": {
                "LengthOfFixedFields": 12,
                "CharacterSetNumber": 8,
                "MaxColumnSize": 255,
                "FieldTypes": "MYSQL_TYPE_VAR_STRING",
                "FieldDetail": "UNIQUE_KEY|PART_KEY_FLAG",
                "Decimals": 0,
                "Unused": 0
              }
            },
            {
              "Catalog": "def",
              "TableAlias": "users",
              "Table": "users",
              "Schema": "demo",
              "Column": "admin",
              "ColumnAlias": "ID_ADMIN",
              "TypeInfo": {
                "LengthOfFixedFields": 12,
                "CharacterSetNumber": 63,
                "MaxColumnSize": 3,
                "FieldTypes": "MYSQL_TYPE_TINY",
                "FieldDetail": "NOT_NULL|UNSIGNED",
                "Decimals": 0,
                "Unused": 0
              }
            }
          ],
          "Results": [
            [
              "1",
              "name",
              "username",
              "1"
            ]
          ]
        },
        "Seen": [
          "2020-06-05T18:18:29.499981Z"
        ]
      },
      {
        "Data": {
          "Type": "Query",
          "Query": "\n        SELECT id       AS ID_ID,\n               name     AS ID_NAME,\n               username AS ID_USERNAME,\n               admin    AS ID_ADMIN\n        FROM users\n        WHERE id = 1"
        },
        "Seen": [
          "2020-06-05T18:18:37.268254Z"
        ]
      },
      {
        "Data": {
          "Type": "SQL results",
          "Columns": [
            {
              "Catalog": "def",
              "TableAlias": "users",
              "Table": "users",
              "Schema": "demo",
              "Column": "id",
              "ColumnAlias": "ID_ID",
              "TypeInfo": {
                "LengthOfFixedFields": 12,
                "CharacterSetNumber": 63,
                "MaxColumnSize": 11,
                "FieldTypes": "MYSQL_TYPE_LONG",
                "FieldDetail": "NOT_NULL|PRIMARY_KEY|AUTO_INCREMENT|PART_KEY_FLAG",
                "Decimals": 0,
                "Unused": 0
              }
            },
            {
              "Catalog": "def",
              "TableAlias": "users",
              "Table": "users",
              "Schema": "demo",
              "Column": "name",
              "ColumnAlias": "ID_NAME",
              "TypeInfo": {
                "LengthOfFixedFields": 12,
                "CharacterSetNumber": 8,
                "MaxColumnSize": 255,
                "FieldTypes": "MYSQL_TYPE_VAR_STRING",
                "FieldDetail": "",
                "Decimals": 0,
                "Unused": 0
              }
            },
            {
              "Catalog": "def",
              "TableAlias": "users",
              "Table": "users",
              "Schema": "demo",
              "Column": "username",
              "ColumnAlias": "ID_USERNAME",
              "TypeInfo": {
                "LengthOfFixedFields": 12,
                "CharacterSetNumber": 8,
                "MaxColumnSize": 255,
                "FieldTypes": "MYSQL_TYPE_VAR_STRING",
                "FieldDetail": "UNIQUE_KEY|PART_KEY_FLAG",
                "Decimals": 0,
                "Unused": 0
              }
            },
            {
              "Catalog": "def",
              "TableAlias": "users",
              "Table": "users",
              "Schema": "demo",
              "Column": "admin",
              "ColumnAlias": "ID_ADMIN",
              "TypeInfo": {
                "LengthOfFixedFields": 12,
                "CharacterSetNumber": 63,
                "MaxColumnSize": 3,
                "FieldTypes": "MYSQL_TYPE_TINY",
                "FieldDetail": "NOT_NULL|UNSIGNED",
                "Decimals": 0,
                "Unused": 0
              }
            }
          ],
          "Results": [
            [
              "1",
              "name",
              "username",
              "1"
            ]
          ]
        },
        "Seen": [
          "2020-06-05T18:18:37.268853Z"
        ]
      },
      {
        "Data": {
          "Type": "Query",
          "Query": "INSERT INTO fish_and_chips\n                     (name, food, added)\n              VALUES ('name', 'test', UTC_TIMESTAMP())"
        },
        "Seen": [
          "2020-06-05T18:18:37.290343Z"
        ]
      },
      {
        "Data": {
          "AffectedRows": 1,
          "LastInsertID": 2,
          "ServerStatus": "2: SERVER_STATUS_AUTOCOMMIT",
          "WarningCount": 0,
          "Type": "OK",
          "Info": ""
        },
        "Seen": [
          "2020-06-05T18:18:37.319324Z"
        ]
      }
    ]
  },
  {
    "Address": "192.168.32.3:48532 - 192.168.32.2:3306",
    "Items": [
      {
        "Data": {
          "Capabilities": "196607: CLIENT_MYSQL|FOUND_ROWS|LONG_FLAG|CONNECT_WITH_DB|NO SCHEMA|COMPRESS|ODBC|LOCAL_FILES|IGNORE_SPACE|CLIENT_PROTOCOL_41|CLIENT_INTERACTIVE|SSL|TRANSACTIONS|SECURE_CONNECTION|UNKNOWN|UNKNOWN|MULTI_RESULTS",
          "Collation": 8,
          "Protocol": 10,
          "Version": "5.7.25",
          "Type": "Greeting"
        },
        "Seen": [
          "2020-06-05T18:17:58.567961Z"
        ]
      },
      {
        "Data": {
          "Type": "Login",
          "ClientCapabilities": "10396303: CLIENT_MYSQL|FOUND_ROWS|LONG_FLAG|CONNECT_WITH_DB|LOCAL_FILES|CLIENT_PROTOCOL_41|SECURE_CONNECTION|UNKNOWN|MULTI_RESULTS|PS_MULTI_RESULTS|PLUGIN_AUTH|CONNECT_ATTRS|CLIENT_SESSION_TRACK",
          "Collation": 8,
          "ExtendedCapabilities": 0,
          "MaxPacketSize": 1073741824,
          "Username": "site"
        },
        "Seen": [
          "2020-06-05T18:17:58.567997Z"
        ]
      },
      {
        "Data": {
          "AffectedRows": 0,
          "LastInsertID": 0,
          "ServerStatus": "4002: SERVER_STATUS_AUTOCOMMIT|SERVER_SESSION_STATE_CHANGED",
          "WarningCount": 0,
          "Type": "OK",
          "Info": ""
        },
        "Seen": [
          "2020-06-05T18:17:58.568048Z"
        ]
      },
      {
        "Data": {
          "Type": "Query",
          "Query": "\n        SELECT id       AS ID_ID,\n               name     AS ID_NAME,\n               username AS ID_USERNAME,\n               admin    AS ID_ADMIN\n        FROM users\n        WHERE id = 1"
        },
        "Seen": [
          "2020-06-05T18:18:19.412963Z"
        ]
      },
      {
        "Data": {
          "Type": "SQL results",
          "Columns": [
            {
              "Catalog": "def",
              "TableAlias": "users",
              "Table": "users",
              "Schema": "demo",
              "Column": "id",
              "ColumnAlias": "ID_ID",
              "TypeInfo": {
                "LengthOfFixedFields": 12,
                "CharacterSetNumber": 63,
                "MaxColumnSize": 11,
                "FieldTypes": "MYSQL_TYPE_LONG",
                "FieldDetail": "NOT_NULL|PRIMARY_KEY|AUTO_INCREMENT|PART_KEY_FLAG",
                "Decimals": 0,
                "Unused": 0
              }
            },
            {
              "Catalog": "def",
              "TableAlias": "users",
              "Table": "users",
              "Schema": "demo",
              "Column": "name",
              "ColumnAlias": "ID_NAME",
              "TypeInfo": {
                "LengthOfFixedFields": 12,
                "CharacterSetNumber": 8,
                "MaxColumnSize": 255,
                "FieldTypes": "MYSQL_TYPE_VAR_STRING",
                "FieldDetail": "",
                "Decimals": 0,
                "Unused": 0
              }
            },
            {
              "Catalog": "def",
              "TableAlias": "users",
              "Table": "users",
              "Schema": "demo",
              "Column": "username",
              "ColumnAlias": "ID_USERNAME",
              "TypeInfo": {
                "LengthOfFixedFields": 12,
                "CharacterSetNumber": 8,
                "MaxColumnSize": 255,
                "FieldTypes": "MYSQL_TYPE_VAR_STRING",
                "FieldDetail": "UNIQUE_KEY|PART_KEY_FLAG",
                "Decimals": 0,
                "Unused": 0
              }
            },
            {
              "Catalog": "def",
              "TableAlias": "users",
              "Table": "users",
              "Schema": "demo",
              "Column": "admin",
              "ColumnAlias": "ID_ADMIN",
              "TypeInfo": {
                "LengthOfFixedFields": 12,
                "CharacterSetNumber": 63,
                "MaxColumnSize": 3,
                "FieldTypes": "MYSQL_TYPE_TINY",
                "FieldDetail": "NOT_NULL|UNSIGNED",
                "Decimals": 0,
                "Unused": 0
              }
            }
          ],
          "Results": [
            [
              "1",
              "name",
              "username",
              "1"
            ]
          ]
        },
        "Seen": [
          "2020-06-05T18:18:19.413906Z"
        ]
      },
      {
        "Data": {
          "Type": "Query",
          "Query": "        SELECT name, ip, created, comments\n          FROM feedback\n      ORDER BY id DESC\n         LIMIT 20\n"
        },
        "Seen": [
          "2020-06-05T18:18:19.442441Z"
        ]
      },
      {
        "Data": {
          "Type": "SQL results",
          "Columns": [
            {
              "Catalog": "def",
              "TableAlias": "feedback",
              "Table": "feedback",
              "Schema": "demo",
              "Column": "name",
              "ColumnAlias": "name",
              "TypeInfo": {
                "LengthOfFixedFields": 12,
                "CharacterSetNumber": 8,
                "MaxColumnSize": 128,
                "FieldTypes": "MYSQL_TYPE_VAR_STRING",
                "FieldDetail": "NOT_NULL|NO_DEFAULT_VALUE_FLAG",
                "Decimals": 0,
                "Unused": 0
              }
            },
            {
              "Catalog": "def",
              "TableAlias": "feedback",
              "Table": "feedback",
              "Schema": "demo",
              "Column": "ip",
              "ColumnAlias": "ip",
              "TypeInfo": {
                "LengthOfFixedFields": 12,
                "CharacterSetNumber": 63,
                "MaxColumnSize": 10,
                "FieldTypes": "MYSQL_TYPE_LONG",
                "FieldDetail": "NOT_NULL|UNSIGNED|NO_DEFAULT_VALUE_FLAG",
                "Decimals": 0,
                "Unused": 0
              }
            },
            {
              "Catalog": "def",
              "TableAlias": "feedback",
              "Table": "feedback",
              "Schema": "demo",
              "Column": "created",
              "ColumnAlias": "created",
              "TypeInfo": {
                "LengthOfFixedFields": 12,
                "CharacterSetNumber": 63,
                "MaxColumnSize": 19,
                "FieldTypes": "MYSQL_TYPE_DATETIME",
                "FieldDetail": "BINARY_COLLATION",
                "Decimals": 0,
                "Unused": 0
              }
            },
            {
              "Catalog": "def",
              "TableAlias": "feedback",
              "Table": "feedback",
              "Schema": "demo",
              "Column": "comments",
              "ColumnAlias": "comments",
              "TypeInfo": {
                "LengthOfFixedFields": 12,
                "CharacterSetNumber": 8,
                "MaxColumnSize": 65535,
                "FieldTypes": "MYSQL_TYPE_BLOB",
                "FieldDetail": "NOT_NULL|BLOB|NO_DEFAULT_VALUE_FLAG",
                "Decimals": 0,
                "Unused": 0
              }
            }
          ],
          "Results": []
        },
        "Seen": [
          "2020-06-05T18:18:19.442669Z"
        ]
      },
      {
        "Data": {
          "Type": "Query",
          "Query": "\n        SELECT id       AS ID_ID,\n               name     AS ID_NAME,\n               username AS ID_USERNAME,\n               admin    AS ID_ADMIN\n        FROM users\n        WHERE id = 1"
        },
        "Seen": [
          "2020-06-05T18:18:31.908901Z"
        ]
      },
      {
        "Data": {
          "Type": "SQL results",
          "Columns": [
            {
              "Catalog": "def",
              "TableAlias": "users",
              "Table": "users",
              "Schema": "demo",
              "Column": "id",
              "ColumnAlias": "ID_ID",
              "TypeInfo": {
                "LengthOfFixedFields": 12,
                "CharacterSetNumber": 63,
                "MaxColumnSize": 11,
                "FieldTypes": "MYSQL_TYPE_LONG",
                "FieldDetail": "NOT_NULL|PRIMARY_KEY|AUTO_INCREMENT|PART_KEY_FLAG",
                "Decimals": 0,
                "Unused": 0
              }
            },
            {
              "Catalog": "def",
              "TableAlias": "users",
              "Table": "users",
              "Schema": "demo",
              "Column": "name",
              "ColumnAlias": "ID_NAME",
              "TypeInfo": {
                "LengthOfFixedFields": 12,
                "CharacterSetNumber": 8,
                "MaxColumnSize": 255,
                "FieldTypes": "MYSQL_TYPE_VAR_STRING",
                "FieldDetail": "",
                "Decimals": 0,
                "Unused": 0
              }
            },
            {
              "Catalog": "def",
              "TableAlias": "users",
              "Table": "users",
              "Schema": "demo",
              "Column": "username",
              "ColumnAlias": "ID_USERNAME",
              "TypeInfo": {
                "LengthOfFixedFields": 12,
                "CharacterSetNumber": 8,
                "MaxColumnSize": 255,
                "FieldTypes": "MYSQL_TYPE_VAR_STRING",
                "FieldDetail": "UNIQUE_KEY|PART_KEY_FLAG",
                "Decimals": 0,
                "Unused": 0
              }
            },
            {
              "Catalog": "def",
              "TableAlias": "users",
              "Table": "users",
              "Schema": "demo",
              "Column": "admin",
              "ColumnAlias": "ID_ADMIN",
              "TypeInfo": {
                "LengthOfFixedFields": 12,
                "CharacterSetNumber": 63,
                "MaxColumnSize": 3,
                "FieldTypes": "MYSQL_TYPE_TINY",
                "FieldDetail": "NOT_NULL|UNSIGNED",
                "Decimals": 0,
                "Unused": 0
              }
            }
          ],
          "Results": [
            [
              "1",
              "name",
              "username",
              "1"
            ]
          ]
        },
        "Seen": [
          "2020-06-05T18:18:31.909504Z"
        ]
      },
      {
        "Data": {
          "Type": "Query",
          "Query": "\n        SELECT id       AS ID_ID,\n               name     AS ID_NAME,\n               username AS ID_USERNAME,\n               admin    AS ID_ADMIN\n        FROM users\n        WHERE id = 1"
        },
        "Seen": [
          "2020-06-05T18:18:37.327328Z"
        ]
      },
      {
        "Data": {
          "Type": "SQL results",
          "Columns": [
            {
              "Catalog": "def",
              "TableAlias": "users",
              "Table": "users",
              "Schema": "demo",
              "Column": "id",
              "ColumnAlias": "ID_ID",
              "TypeInfo": {
                "LengthOfFixedFields": 12,
                "CharacterSetNumber": 63,
                "MaxColumnSize": 11,
                "FieldTypes": "MYSQL_TYPE_LONG",
                "FieldDetail": "NOT_NULL|PRIMARY_KEY|AUTO_INCREMENT|PART_KEY_FLAG",
                "Decimals": 0,
                "Unused": 0
              }
            },
            {
              "Catalog": "def",
              "TableAlias": "users",
              "Table": "users",
              "Schema": "demo",
              "Column": "name",
              "ColumnAlias": "ID_NAME",
              "TypeInfo": {
                "LengthOfFixedFields": 12,
                "CharacterSetNumber": 8,
                "MaxColumnSize": 255,
                "FieldTypes": "MYSQL_TYPE_VAR_STRING",
                "FieldDetail": "",
                "Decimals": 0,
                "Unused": 0
              }
            },
            {
              "Catalog": "def",
              "TableAlias": "users",
              "Table": "users",
              "Schema": "demo",
              "Column": "username",
              "ColumnAlias": "ID_USERNAME",
              "TypeInfo": {
                "LengthOfFixedFields": 12,
                "CharacterSetNumber": 8,
                "MaxColumnSize": 255,
                "FieldTypes": "MYSQL_TYPE_VAR_STRING",
                "FieldDetail": "UNIQUE_KEY|PART_KEY_FLAG",
                "Decimals": 0,
                "Unused": 0
              }
            },
            {
              "Catalog": "def",
              "TableAlias": "users",
              "Table": "users",
              "Schema": "demo",
              "Column": "admin",
              "ColumnAlias": "ID_ADMIN",
              "TypeInfo": {
                "LengthOfFixedFields": 12,
                "CharacterSetNumber": 63,
                "MaxColumnSize": 3,
                "FieldTypes": "MYSQL_TYPE_TINY",
                "FieldDetail": "NOT_NULL|UNSIGNED",
                "Decimals": 0,
                "Unused": 0
              }
            }
          ],
          "Results": [
            [
              "1",
              "name",
              "username",
              "1"
            ]
          ]
        },
        "Seen": [
          "2020-06-05T18:18:37.327585Z"
        ]
      },
      {
        "Data": {
          "Type": "Query",
          "Query": "SELECT * FROM (SELECT id, name, food, added FROM fish_and_chips WHERE ( ( added BETWEEN '2020-06-05 00:00:00' AND '2020-06-05 23:59:59' ) ) ORDER BY id LIMIT 10 OFFSET 0) orders"
        },
        "Seen": [
          "2020-06-05T18:18:37.339911Z"
        ]
      },
      {
        "Data": {
          "Type": "SQL results",
          "Columns": [
            {
              "Catalog": "def",
              "TableAlias": "orders",
              "Table": "fish_and_chips",
              "Schema": "",
              "Column": "id",
              "ColumnAlias": "id",
              "TypeInfo": {
                "LengthOfFixedFields": 12,
                "CharacterSetNumber": 63,
                "MaxColumnSize": 11,
                "FieldTypes": "MYSQL_TYPE_LONG",
                "FieldDetail": "NOT_NULL",
                "Decimals": 0,
                "Unused": 0
              }
            },
            {
              "Catalog": "def",
              "TableAlias": "orders",
              "Table": "fish_and_chips",
              "Schema": "",
              "Column": "name",
              "ColumnAlias": "name",
              "TypeInfo": {
                "LengthOfFixedFields": 12,
                "CharacterSetNumber": 8,
                "MaxColumnSize": 65535,
                "FieldTypes": "MYSQL_TYPE_BLOB",
                "FieldDetail": "NOT_NULL|BLOB|NO_DEFAULT_VALUE_FLAG",
                "Decimals": 0,
                "Unused": 0
              }
            },
            {
              "Catalog": "def",
              "TableAlias": "orders",
              "Table": "fish_and_chips",
              "Schema": "",
              "Column": "food",
              "ColumnAlias": "food",
              "TypeInfo": {
                "LengthOfFixedFields": 12,
                "CharacterSetNumber": 8,
                "MaxColumnSize": 65535,
                "FieldTypes": "MYSQL_TYPE_BLOB",
                "FieldDetail": "NOT_NULL|BLOB|NO_DEFAULT_VALUE_FLAG",
                "Decimals": 0,
                "Unused": 0
              }
            },
            {
              "Catalog": "def",
              "TableAlias": "orders",
              "Table": "fish_and_chips",
              "Schema": "",
              "Column": "added",
              "ColumnAlias": "added",
              "TypeInfo": {
                "LengthOfFixedFields": 12,
                "CharacterSetNumber": 63,
                "MaxColumnSize": 19,
                "FieldTypes": "MYSQL_TYPE_DATETIME",
                "FieldDetail": "BINARY_COLLATION",
                "Decimals": 0,
                "Unused": 0
              }
            }
          ],
          "Results": [
            [
              "2",
              "name",
              "test",
              "2020-06-05 18:18:37"
            ]
          ]
        },
        "Seen": [
          "2020-06-05T18:18:37.340417Z"
        ]
      },
      {
        "Data": {
          "Type": "Query",
          "Query": "SELECT id, name, username\n        FROM users\n        ORDER BY name"
        },
        "Seen": [
          "2020-06-05T18:18:37.341299Z"
        ]
      },
      {
        "Data": {
          "Type": "SQL results",
          "Columns": [
            {
              "Catalog": "def",
              "TableAlias": "users",
              "Table": "users",
              "Schema": "demo",
              "Column": "id",
              "ColumnAlias": "id",
              "TypeInfo": {
                "LengthOfFixedFields": 12,
                "CharacterSetNumber": 63,
                "MaxColumnSize": 11,
                "FieldTypes": "MYSQL_TYPE_LONG",
                "FieldDetail": "NOT_NULL|PRIMARY_KEY|AUTO_INCREMENT|PART_KEY_FLAG",
                "Decimals": 0,
                "Unused": 0
              }
            },
            {
              "Catalog": "def",
              "TableAlias": "users",
              "Table": "users",
              "Schema": "demo",
              "Column": "name",
              "ColumnAlias": "name",
              "TypeInfo": {
                "LengthOfFixedFields": 12,
                "CharacterSetNumber": 8,
                "MaxColumnSize": 255,
                "FieldTypes": "MYSQL_TYPE_VAR_STRING",
                "FieldDetail": "",
                "Decimals": 0,
                "Unused": 0
              }
            },
            {
              "Catalog": "def",
              "TableAlias": "users",
              "Table": "users",
              "Schema": "demo",
              "Column": "username",
              "ColumnAlias": "username",
              "TypeInfo": {
                "LengthOfFixedFields": 12,
                "CharacterSetNumber": 8,
                "MaxColumnSize": 255,
                "FieldTypes": "MYSQL_TYPE_VAR_STRING",
                "FieldDetail": "UNIQUE_KEY|PART_KEY_FLAG",
                "Decimals": 0,
                "Unused": 0
              }
            }
          ],
          "Results": [
            [
              "1",
              "name",
              "username"
            ]
          ]
        },
        "Seen": [
          "2020-06-05T18:18:37.3415Z"
        ]
      }
    ]
  },
  {
    "Address": "192.168.32.3:48508 - 192.168.32.2:3306",
    "Items": [
      {
        "Data": {
          "Type": "Query",
          "Query": "SELECT id, password, u2f, totp FROM users WHERE username = 'username'"
        },
        "Seen": [
          "2020-06-05T18:18:01.860666Z"
        ]
      },
      {
        "Data": {
          "Type": "SQL results",
          "Columns": [
            {
              "Catalog": "def",
              "TableAlias": "users",
              "Table": "users",
              "Schema": "demo",
              "Column": "id",
              "ColumnAlias": "id",
              "TypeInfo": {
                "LengthOfFixedFields": 12,
                "CharacterSetNumber": 63,
                "MaxColumnSize": 11,
                "FieldTypes": "MYSQL_TYPE_LONG",
                "FieldDetail": "NOT_NULL|PRIMARY_KEY|AUTO_INCREMENT|PART_KEY_FLAG",
                "Decimals": 0,
                "Unused": 0
              }
            },
            {
              "Catalog": "def",
              "TableAlias": "users",
              "Table": "users",
              "Schema": "demo",
              "Column": "password",
              "ColumnAlias": "password",
              "TypeInfo": {
                "LengthOfFixedFields": 12,
                "CharacterSetNumber": 8,
                "MaxColumnSize": 255,
                "FieldTypes": "MYSQL_TYPE_VAR_STRING",
                "FieldDetail": "",
                "Decimals": 0,
                "Unused": 0
              }
            },
            {
              "Catalog": "def",
              "TableAlias": "users",
              "Table": "users",
              "Schema": "demo",
              "Column": "u2f",
              "ColumnAlias": "u2f",
              "TypeInfo": {
                "LengthOfFixedFields": 12,
                "CharacterSetNumber": 63,
                "MaxColumnSize": 3,
                "FieldTypes": "MYSQL_TYPE_TINY",
                "FieldDetail": "NOT_NULL|UNSIGNED",
                "Decimals": 0,
                "Unused": 0
              }
            },
            {
              "Catalog": "def",
              "TableAlias": "users",
              "Table": "users",
              "Schema": "demo",
              "Column": "totp",
              "ColumnAlias": "totp",
              "TypeInfo": {
                "LengthOfFixedFields": 12,
                "CharacterSetNumber": 63,
                "MaxColumnSize": 3,
                "FieldTypes": "MYSQL_TYPE_TINY",
                "FieldDetail": "NOT_NULL|UNSIGNED",
                "Decimals": 0,
                "Unused": 0
              }
            }
          ],
          "Results": [
            [
              "1",
              "$2a$10$O9UdFbrLzGqAjxUTbDN18esmnF0XXZilEfzM8fcDaHA3WLE3sPnlW",
              "0",
              "0"
            ]
          ]
        },
        "Seen": [
          "2020-06-05T18:18:01.861858Z"
        ]
      },
      {
        "Data": {
          "Type": "Query",
          "Query": "\n        SELECT id       AS ID_ID,\n               name     AS ID_NAME,\n               username AS ID_USERNAME,\n               admin    AS ID_ADMIN\n        FROM users\n        WHERE id = 1"
        },
        "Seen": [
          "2020-06-05T18:18:22.597111Z"
        ]
      },
      {
        "Data": {
          "Type": "SQL results",
          "Columns": [
            {
              "Catalog": "def",
              "TableAlias": "users",
              "Table": "users",
              "Schema": "demo",
              "Column": "id",
              "ColumnAlias": "ID_ID",
              "TypeInfo": {
                "LengthOfFixedFields": 12,
                "CharacterSetNumber": 63,
                "MaxColumnSize": 11,
                "FieldTypes": "MYSQL_TYPE_LONG",
                "FieldDetail": "NOT_NULL|PRIMARY_KEY|AUTO_INCREMENT|PART_KEY_FLAG",
                "Decimals": 0,
                "Unused": 0
              }
            },
            {
              "Catalog": "def",
              "TableAlias": "users",
              "Table": "users",
              "Schema": "demo",
              "Column": "name",
              "ColumnAlias": "ID_NAME",
              "TypeInfo": {
                "LengthOfFixedFields": 12,
                "CharacterSetNumber": 8,
                "MaxColumnSize": 255,
                "FieldTypes": "MYSQL_TYPE_VAR_STRING",
                "FieldDetail": "",
                "Decimals": 0,
                "Unused": 0
              }
            },
            {
              "Catalog": "def",
              "TableAlias": "users",
              "Table": "users",
              "Schema": "demo",
              "Column": "username",
              "ColumnAlias": "ID_USERNAME",
              "TypeInfo": {
                "LengthOfFixedFields": 12,
                "CharacterSetNumber": 8,
                "MaxColumnSize": 255,
                "FieldTypes": "MYSQL_TYPE_VAR_STRING",
                "FieldDetail": "UNIQUE_KEY|PART_KEY_FLAG",
                "Decimals": 0,
                "Unused": 0
              }
            },
            {
              "Catalog": "def",
              "TableAlias": "users",
              "Table": "users",
              "Schema": "demo",
              "Column": "admin",
              "ColumnAlias": "ID_ADMIN",
              "TypeInfo": {
                "LengthOfFixedFields": 12,
                "CharacterSetNumber": 63,
                "MaxColumnSize": 3,
                "FieldTypes": "MYSQL_TYPE_TINY",
                "FieldDetail": "NOT_NULL|UNSIGNED",
                "Decimals": 0,
                "Unused": 0
              }
            }
          ],
          "Results": [
            [
              "1",
              "name",
              "username",
              "1"
            ]
          ]
        },
        "Seen": [
          "2020-06-05T18:18:22.597703Z"
        ]
      },
      {
        "Data": {
          "Type": "Query",
          "Query": "        SELECT name, ip, created, comments\n          FROM feedback\n      ORDER BY id DESC\n         LIMIT 20\n"
        },
        "Seen": [
          "2020-06-05T18:18:22.62728Z"
        ]
      },
      {
        "Data": {
          "Type": "SQL results",
          "Columns": [
            {
              "Catalog": "def",
              "TableAlias": "feedback",
              "Table": "feedback",
              "Schema": "demo",
              "Column": "name",
              "ColumnAlias": "name",
              "TypeInfo": {
                "LengthOfFixedFields": 12,
                "CharacterSetNumber": 8,
                "MaxColumnSize": 128,
                "FieldTypes": "MYSQL_TYPE_VAR_STRING",
                "FieldDetail": "NOT_NULL|NO_DEFAULT_VALUE_FLAG",
                "Decimals": 0,
                "Unused": 0
              }
            },
            {
              "Catalog": "def",
              "TableAlias": "feedback",
              "Table": "feedback",
              "Schema": "demo",
              "Column": "ip",
              "ColumnAlias": "ip",
              "TypeInfo": {
                "LengthOfFixedFields": 12,
                "CharacterSetNumber": 63,
                "MaxColumnSize": 10,
                "FieldTypes": "MYSQL_TYPE_LONG",
                "FieldDetail": "NOT_NULL|UNSIGNED|NO_DEFAULT_VALUE_FLAG",
                "Decimals": 0,
                "Unused": 0
              }
            },
            {
              "Catalog": "def",
              "TableAlias": "feedback",
              "Table": "feedback",
              "Schema": "demo",
              "Column": "created",
              "ColumnAlias": "created",
              "TypeInfo": {
                "LengthOfFixedFields": 12,
                "CharacterSetNumber": 63,
                "MaxColumnSize": 19,
                "FieldTypes": "MYSQL_TYPE_DATETIME",
                "FieldDetail": "BINARY_COLLATION",
                "Decimals": 0,
                "Unused": 0
              }
            },
            {
              "Catalog": "def",
              "TableAlias": "feedback",
              "Table": "feedback",
              "Schema": "demo",
              "Column": "comments",
              "ColumnAlias": "comments",
              "TypeInfo": {
                "LengthOfFixedFields": 12,
                "CharacterSetNumber": 8,
                "MaxColumnSize": 65535,
                "FieldTypes": "MYSQL_TYPE_BLOB",
                "FieldDetail": "NOT_NULL|BLOB|NO_DEFAULT_VALUE_FLAG",
                "Decimals": 0,
                "Unused": 0
              }
            }
          ],
          "Results": []
        },
        "Seen": [
          "2020-06-05T18:18:22.62796Z"
        ]
      },
      {
        "Data": {
          "Type": "Query",
          "Query": "\n        SELECT id       AS ID_ID,\n               name     AS ID_NAME,\n               username AS ID_USERNAME,\n               admin    AS ID_ADMIN\n        FROM users\n        WHERE id = 1"
        },
        "Seen": [
          "2020-06-05T18:18:34.592465Z"
        ]
      },
      {
        "Data": {
          "Type": "SQL results",
          "Columns": [
            {
              "Catalog": "def",
              "TableAlias": "users",
              "Table": "users",
              "Schema": "demo",
              "Column": "id",
              "ColumnAlias": "ID_ID",
              "TypeInfo": {
                "LengthOfFixedFields": 12,
                "CharacterSetNumber": 63,
                "MaxColumnSize": 11,
                "FieldTypes": "MYSQL_TYPE_LONG",
                "FieldDetail": "NOT_NULL|PRIMARY_KEY|AUTO_INCREMENT|PART_KEY_FLAG",
                "Decimals": 0,
                "Unused": 0
              }
            },
            {
              "Catalog": "def",
              "TableAlias": "users",
              "Table": "users",
              "Schema": "demo",
              "Column": "name",
              "ColumnAlias": "ID_NAME",
              "TypeInfo": {
                "LengthOfFixedFields": 12,
                "CharacterSetNumber": 8,
                "MaxColumnSize": 255,
                "FieldTypes": "MYSQL_TYPE_VAR_STRING",
                "FieldDetail": "",
                "Decimals": 0,
                "Unused": 0
              }
            },
            {
              "Catalog": "def",
              "TableAlias": "users",
              "Table": "users",
              "Schema": "demo",
              "Column": "username",
              "ColumnAlias": "ID_USERNAME",
              "TypeInfo": {
                "LengthOfFixedFields": 12,
                "CharacterSetNumber": 8,
                "MaxColumnSize": 255,
                "FieldTypes": "MYSQL_TYPE_VAR_STRING",
                "FieldDetail": "UNIQUE_KEY|PART_KEY_FLAG",
                "Decimals": 0,
                "Unused": 0
              }
            },
            {
              "Catalog": "def",
              "TableAlias": "users",
              "Table": "users",
              "Schema": "demo",
              "Column": "admin",
              "ColumnAlias": "ID_ADMIN",
              "TypeInfo": {
                "LengthOfFixedFields": 12,
                "CharacterSetNumber": 63,
                "MaxColumnSize": 3,
                "FieldTypes": "MYSQL_TYPE_TINY",
                "FieldDetail": "NOT_NULL|UNSIGNED",
                "Decimals": 0,
                "Unused": 0
              }
            }
          ],
          "Results": [
            [
              "1",
              "name",
              "username",
              "1"
            ]
          ]
        },
        "Seen": [
          "2020-06-05T18:18:34.593014Z"
        ]
      },
      {
        "Data": {
          "Type": "Query",
          "Query": "SELECT * FROM (SELECT id, name, food, added FROM fish_and_chips WHERE ( ( added BETWEEN '2020-06-05 00:00:00' AND '2020-06-05 23:59:59' ) ) ORDER BY id LIMIT 10 OFFSET 0) orders"
        },
        "Seen": [
          "2020-06-05T18:18:34.625649Z"
        ]
      },
      {
        "Data": {
          "Type": "SQL results",
          "Columns": [
            {
              "Catalog": "def",
              "TableAlias": "orders",
              "Table": "fish_and_chips",
              "Schema": "",
              "Column": "id",
              "ColumnAlias": "id",
              "TypeInfo": {
                "LengthOfFixedFields": 12,
                "CharacterSetNumber": 63,
                "MaxColumnSize": 11,
                "FieldTypes": "MYSQL_TYPE_LONG",
                "FieldDetail": "NOT_NULL",
                "Decimals": 0,
                "Unused": 0
              }
            },
            {
              "Catalog": "def",
              "TableAlias": "orders",
              "Table": "fish_and_chips",
              "Schema": "",
              "Column": "name",
              "ColumnAlias": "name",
              "TypeInfo": {
                "LengthOfFixedFields": 12,
                "CharacterSetNumber": 8,
                "MaxColumnSize": 65535,
                "FieldTypes": "MYSQL_TYPE_BLOB",
                "FieldDetail": "NOT_NULL|BLOB|NO_DEFAULT_VALUE_FLAG",
                "Decimals": 0,
                "Unused": 0
              }
            },
            {
              "Catalog": "def",
              "TableAlias": "orders",
              "Table": "fish_and_chips",
              "Schema": "",
              "Column": "food",
              "ColumnAlias": "food",
              "TypeInfo": {
                "LengthOfFixedFields": 12,
                "CharacterSetNumber": 8,
                "MaxColumnSize": 65535,
                "FieldTypes": "MYSQL_TYPE_BLOB",
                "FieldDetail": "NOT_NULL|BLOB|NO_DEFAULT_VALUE_FLAG",
                "Decimals": 0,
                "Unused": 0
              }
            },
            {
              "Catalog": "def",
              "TableAlias": "orders",
              "Table": "fish_and_chips",
              "Schema": "",
              "Column": "added",
              "ColumnAlias": "added",
              "TypeInfo": {
                "LengthOfFixedFields": 12,
                "CharacterSetNumber": 63,
                "MaxColumnSize": 19,
                "FieldTypes": "MYSQL_TYPE_DATETIME",
                "FieldDetail": "BINARY_COLLATION",
                "Decimals": 0,
                "Unused": 0
              }
            }
          ],
          "Results": []
        },
        "Seen": [
          "2020-06-05T18:18:34.627305Z"
        ]
      },
      {
        "Data": {
          "Type": "Query",
          "Query": "SELECT id, name, username\n        FROM users\n        ORDER BY name"
        },
        "Seen": [
          "2020-06-05T18:18:34.628553Z"
        ]
      },
      {
        "Data": {
          "Type": "SQL results",
          "Columns": [
            {
              "Catalog": "def",
              "TableAlias": "users",
              "Table": "users",
              "Schema": "demo",
              "Column": "id",
              "ColumnAlias": "id",
              "TypeInfo": {
                "LengthOfFixedFields": 12,
                "CharacterSetNumber": 63,
                "MaxColumnSize": 11,
                "FieldTypes": "MYSQL_TYPE_LONG",
                "FieldDetail": "NOT_NULL|PRIMARY_KEY|AUTO_INCREMENT|PART_KEY_FLAG",
                "Decimals": 0,
                "Unused": 0
              }
            },
            {
              "Catalog": "def",
              "TableAlias": "users",
              "Table": "users",
              "Schema": "demo",
              "Column": "name",
              "ColumnAlias": "name",
              "TypeInfo": {
                "LengthOfFixedFields": 12,
                "CharacterSetNumber": 8,
                "MaxColumnSize": 255,
                "FieldTypes": "MYSQL_TYPE_VAR_STRING",
                "FieldDetail": "",
                "Decimals": 0,
                "Unused": 0
              }
            },
            {
              "Catalog": "def",
              "TableAlias": "users",
              "Table": "users",
              "Schema": "demo",
              "Column": "username",
              "ColumnAlias": "username",
              "TypeInfo": {
                "LengthOfFixedFields": 12,
                "CharacterSetNumber": 8,
                "MaxColumnSize": 255,
                "FieldTypes": "MYSQL_TYPE_VAR_STRING",
                "FieldDetail": "UNIQUE_KEY|PART_KEY_FLAG",
                "Decimals": 0,
                "Unused": 0
              }
            }
          ],
          "Results": [
            [
              "1",
              "name",
              "username"
            ]
          ]
        },
        "Seen": [
          "2020-06-05T18:18:34.628847Z"
        ]
      }
    ]
  },
  {
    "Address": "192.168.32.3:48540 - 192.168.32.2:3306",
    "Items": [
      {
        "Data": {
          "Capabilities": "196607: CLIENT_MYSQL|FOUND_ROWS|LONG_FLAG|CONNECT_WITH_DB|NO SCHEMA|COMPRESS|ODBC|LOCAL_FILES|IGNORE_SPACE|CLIENT_PROTOCOL_41|CLIENT_INTERACTIVE|SSL|TRANSACTIONS|SECURE_CONNECTION|UNKNOWN|UNKNOWN|MULTI_RESULTS",
          "Collation": 8,
          "Protocol": 10,
          "Version": "5.7.25",
          "Type": "Greeting"
        },
        "Seen": [
          "2020-06-05T18:18:03.380074Z"
        ]
      },
      {
        "Data": {
          "Type": "Login",
          "ClientCapabilities": "10396303: CLIENT_MYSQL|FOUND_ROWS|LONG_FLAG|CONNECT_WITH_DB|LOCAL_FILES|CLIENT_PROTOCOL_41|SECURE_CONNECTION|UNKNOWN|MULTI_RESULTS|PS_MULTI_RESULTS|PLUGIN_AUTH|CONNECT_ATTRS|CLIENT_SESSION_TRACK",
          "Collation": 8,
          "ExtendedCapabilities": 0,
          "MaxPacketSize": 1073741824,
          "Username": "site"
        },
        "Seen": [
          "2020-06-05T18:18:03.38016Z"
        ]
      },
      {
        "Data": {
          "AffectedRows": 0,
          "LastInsertID": 0,
          "ServerStatus": "4002: SERVER_STATUS_AUTOCOMMIT|SERVER_SESSION_STATE_CHANGED",
          "WarningCount": 0,
          "Type": "OK",
          "Info": ""
        },
        "Seen": [
          "2020-06-05T18:18:03.380287Z"
        ]
      },
      {
        "Data": {
          "Type": "Query",
          "Query": "\n        SELECT id       AS ID_ID,\n               name     AS ID_NAME,\n               username AS ID_USERNAME,\n               admin    AS ID_ADMIN\n        FROM users\n        WHERE id = 1"
        },
        "Seen": [
          "2020-06-05T18:18:03.390777Z"
        ]
      },
      {
        "Data": {
          "Type": "SQL results",
          "Columns": [
            {
              "Catalog": "def",
              "TableAlias": "users",
              "Table": "users",
              "Schema": "demo",
              "Column": "id",
              "ColumnAlias": "ID_ID",
              "TypeInfo": {
                "LengthOfFixedFields": 12,
                "CharacterSetNumber": 63,
                "MaxColumnSize": 11,
                "FieldTypes": "MYSQL_TYPE_LONG",
                "FieldDetail": "NOT_NULL|PRIMARY_KEY|AUTO_INCREMENT|PART_KEY_FLAG",
                "Decimals": 0,
                "Unused": 0
              }
            },
            {
              "Catalog": "def",
              "TableAlias": "users",
              "Table": "users",
              "Schema": "demo",
              "Column": "name",
              "ColumnAlias": "ID_NAME",
              "TypeInfo": {
                "LengthOfFixedFields": 12,
                "CharacterSetNumber": 8,
                "MaxColumnSize": 255,
                "FieldTypes": "MYSQL_TYPE_VAR_STRING",
                "FieldDetail": "",
                "Decimals": 0,
                "Unused": 0
              }
            },
            {
              "Catalog": "def",
              "TableAlias": "users",
              "Table": "users",
              "Schema": "demo",
              "Column": "username",
              "ColumnAlias": "ID_USERNAME",
              "TypeInfo": {
                "LengthOfFixedFields": 12,
                "CharacterSetNumber": 8,
                "MaxColumnSize": 255,
                "FieldTypes": "MYSQL_TYPE_VAR_STRING",
                "FieldDetail": "UNIQUE_KEY|PART_KEY_FLAG",
                "Decimals": 0,
                "Unused": 0
              }
            },
            {
              "Catalog": "def",
              "TableAlias": "users",
              "Table": "users",
              "Schema": "demo",
              "Column": "admin",
              "ColumnAlias": "ID_ADMIN",
              "TypeInfo": {
                "LengthOfFixedFields": 12,
                "CharacterSetNumber": 63,
                "MaxColumnSize": 3,
                "FieldTypes": "MYSQL_TYPE_TINY",
                "FieldDetail": "NOT_NULL|UNSIGNED",
                "Decimals": 0,
                "Unused": 0
              }
            }
          ],
          "Results": [
            [
              "1",
              "name",
              "username",
              "1"
            ]
          ]
        },
        "Seen": [
          "2020-06-05T18:18:03.391085Z"
        ]
      },
      {
        "Data": {
          "Type": "Query",
          "Query": "SELECT id, name, username\n        FROM users\n        ORDER BY name"
        },
        "Seen": [
          "2020-06-05T18:18:03.392736Z"
        ]
      },
      {
        "Data": {
          "Type": "SQL results",
          "Columns": [
            {
              "Catalog": "def",
              "TableAlias": "users",
              "Table": "users",
              "Schema": "demo",
              "Column": "id",
              "ColumnAlias": "id",
              "TypeInfo": {
                "LengthOfFixedFields": 12,
                "CharacterSetNumber": 63,
                "MaxColumnSize": 11,
                "FieldTypes": "MYSQL_TYPE_LONG",
                "FieldDetail": "NOT_NULL|PRIMARY_KEY|AUTO_INCREMENT|PART_KEY_FLAG",
                "Decimals": 0,
                "Unused": 0
              }
            },
            {
              "Catalog": "def",
              "TableAlias": "users",
              "Table": "users",
              "Schema": "demo",
              "Column": "name",
              "ColumnAlias": "name",
              "TypeInfo": {
                "LengthOfFixedFields": 12,
                "CharacterSetNumber": 8,
                "MaxColumnSize": 255,
                "FieldTypes": "MYSQL_TYPE_VAR_STRING",
                "FieldDetail": "",
                "Decimals": 0,
                "Unused": 0
              }
            },
            {
              "Catalog": "def",
              "TableAlias": "users",
              "Table": "users",
              "Schema": "demo",
              "Column": "username",
              "ColumnAlias": "username",
              "TypeInfo": {
                "LengthOfFixedFields": 12,
                "CharacterSetNumber": 8,
                "MaxColumnSize": 255,
                "FieldTypes": "MYSQL_TYPE_VAR_STRING",
                "FieldDetail": "UNIQUE_KEY|PART_KEY_FLAG",
                "Decimals": 0,
                "Unused": 0
              }
            }
          ],
          "Results": [
            [
              "1",
              "name",
              "username"
            ]
          ]
        },
        "Seen": [
          "2020-06-05T18:18:03.39294Z"
        ]
      },
      {
        "Data": {
          "Type": "Query",
          "Query": "\n        SELECT id       AS ID_ID,\n               name     AS ID_NAME,\n               username AS ID_USERNAME,\n               admin    AS ID_ADMIN\n        FROM users\n        WHERE id = 1"
        },
        "Seen": [
          "2020-06-05T18:18:28.240713Z"
        ]
      },
      {
        "Data": {
          "Type": "SQL results",
          "Columns": [
            {
              "Catalog": "def",
              "TableAlias": "users",
              "Table": "users",
              "Schema": "demo",
              "Column": "id",
              "ColumnAlias": "ID_ID",
              "TypeInfo": {
                "LengthOfFixedFields": 12,
                "CharacterSetNumber": 63,
                "MaxColumnSize": 11,
                "FieldTypes": "MYSQL_TYPE_LONG",
                "FieldDetail": "NOT_NULL|PRIMARY_KEY|AUTO_INCREMENT|PART_KEY_FLAG",
                "Decimals": 0,
                "Unused": 0
              }
            },
            {
              "Catalog": "def",
              "TableAlias": "users",
              "Table": "users",
              "Schema": "demo",
              "Column": "name",
              "ColumnAlias": "ID_NAME",
              "TypeInfo": {
                "LengthOfFixedFields": 12,
                "CharacterSetNumber": 8,
                "MaxColumnSize": 255,
                "FieldTypes": "MYSQL_TYPE_VAR_STRING",
                "FieldDetail": "",
                "Decimals": 0,
                "Unused": 0
              }
            },
            {
              "Catalog": "def",
              "TableAlias": "users",
              "Table": "users",
              "Schema": "demo",
              "Column": "username",
              "ColumnAlias": "ID_USERNAME",
              "TypeInfo": {
                "LengthOfFixedFields": 12,
                "CharacterSetNumber": 8,
                "MaxColumnSize": 255,
                "FieldTypes": "MYSQL_TYPE_VAR_STRING",
                "FieldDetail": "UNIQUE_KEY|PART_KEY_FLAG",
                "Decimals": 0,
                "Unused": 0
              }
            },
            {
              "Catalog": "def",
              "TableAlias": "users",
              "Table": "users",
              "Schema": "demo",
              "Column": "admin",
              "ColumnAlias": "ID_ADMIN",
              "TypeInfo": {
                "LengthOfFixedFields": 12,
                "CharacterSetNumber": 63,
                "MaxColumnSize": 3,
                "FieldTypes": "MYSQL_TYPE_TINY",
                "FieldDetail": "NOT_NULL|UNSIGNED",
                "Decimals": 0,
                "Unused": 0
              }
            }
          ],
          "Results": [
            [
              "1",
              "name",
              "username",
              "1"
            ]
          ]
        },
        "Seen": [
          "2020-06-05T18:18:28.241349Z"
        ]
      }
    ]
  },
  {
    "Address": "192.168.32.3:48552 - 192.168.32.2:3306",
    "Items": [
      {
        "Data": {
          "Capabilities": "196607: CLIENT_MYSQL|FOUND_ROWS|LONG_FLAG|CONNECT_WITH_DB|NO SCHEMA|COMPRESS|ODBC|LOCAL_FILES|IGNORE_SPACE|CLIENT_PROTOCOL_41|CLIENT_INTERACTIVE|SSL|TRANSACTIONS|SECURE_CONNECTION|UNKNOWN|UNKNOWN|MULTI_RESULTS",
          "Collation": 8,
          "Protocol": 10,
          "Version": "5.7.25",
          "Type": "Greeting"
        },
        "Seen": [
          "2020-06-05T18:18:28.292161Z"
        ]
      },
      {
        "Data": {
          "Type": "Login",
          "ClientCapabilities": "10396303: CLIENT_MYSQL|FOUND_ROWS|LONG_FLAG|CONNECT_WITH_DB|LOCAL_FILES|CLIENT_PROTOCOL_41|SECURE_CONNECTION|UNKNOWN|MULTI_RESULTS|PS_MULTI_RESULTS|PLUGIN_AUTH|CONNECT_ATTRS|CLIENT_SESSION_TRACK",
          "Collation": 8,
          "ExtendedCapabilities": 0,
          "MaxPacketSize": 1073741824,
          "Username": "site"
        },
        "Seen": [
          "2020-06-05T18:18:28.2922Z"
        ]
      },
      {
        "Data": {
          "AffectedRows": 0,
          "LastInsertID": 0,
          "ServerStatus": "4002: SERVER_STATUS_AUTOCOMMIT|SERVER_SESSION_STATE_CHANGED",
          "WarningCount": 0,
          "Type": "OK",
          "Info": ""
        },
        "Seen": [
          "2020-06-05T18:18:28.292253Z"
        ]
      },
      {
        "Data": {
          "Type": "Query",
          "Query": "SELECT me.id, me.name, me.number_prefix, me.main_number FROM office_numberss me WHERE ( '3213' LIKE concat(\"%\", number_prefix, \"%\") ) ORDER BY length(number_prefix)"
        },
        "Seen": [
          "2020-06-05T18:18:28.301108Z"
        ]
      },
      {
        "Data": {
          "Type": "SQL results",
          "Columns": [
            {
              "Catalog": "def",
              "TableAlias": "me",
              "Table": "office_numberss",
              "Schema": "demo",
              "Column": "id",
              "ColumnAlias": "id",
              "TypeInfo": {
                "LengthOfFixedFields": 12,
                "CharacterSetNumber": 63,
                "MaxColumnSize": 11,
                "FieldTypes": "MYSQL_TYPE_LONG",
                "FieldDetail": "NOT_NULL|PRIMARY_KEY|AUTO_INCREMENT|PART_KEY_FLAG",
                "Decimals": 0,
                "Unused": 0
              }
            },
            {
              "Catalog": "def",
              "TableAlias": "me",
              "Table": "office_numberss",
              "Schema": "demo",
              "Column": "name",
              "ColumnAlias": "name",
              "TypeInfo": {
                "LengthOfFixedFields": 12,
                "CharacterSetNumber": 8,
                "MaxColumnSize": 128,
                "FieldTypes": "MYSQL_TYPE_VAR_STRING",
                "FieldDetail": "",
                "Decimals": 0,
                "Unused": 0
              }
            },
            {
              "Catalog": "def",
              "TableAlias": "me",
              "Table": "office_numberss",
              "Schema": "demo",
              "Column": "number_prefix",
              "ColumnAlias": "number_prefix",
              "TypeInfo": {
                "LengthOfFixedFields": 12,
                "CharacterSetNumber": 8,
                "MaxColumnSize": 128,
                "FieldTypes": "MYSQL_TYPE_VAR_STRING",
                "FieldDetail": "",
                "Decimals": 0,
                "Unused": 0
              }
            },
            {
              "Catalog": "def",
              "TableAlias": "me",
              "Table": "office_numberss",
              "Schema": "demo",
              "Column": "main_number",
              "ColumnAlias": "main_number",
              "TypeInfo": {
                "LengthOfFixedFields": 12,
                "CharacterSetNumber": 8,
                "MaxColumnSize": 128,
                "FieldTypes": "MYSQL_TYPE_VAR_STRING",
                "FieldDetail": "",
                "Decimals": 0,
                "Unused": 0
              }
            }
          ],
          "Results": []
        },
        "Seen": [
          "2020-06-05T18:18:28.302516Z"
        ]
      }
    ]
  },
  {
    "Address": "192.168.32.3:48556 - 192.168.32.2:3306",
    "Items": [
      {
        "Data": {
          "Capabilities": "196607: CLIENT_MYSQL|FOUND_ROWS|LONG_FLAG|CONNECT_WITH_DB|NO SCHEMA|COMPRESS|ODBC|LOCAL_FILES|IGNORE_SPACE|CLIENT_PROTOCOL_41|CLIENT_INTERACTIVE|SSL|TRANSACTIONS|SECURE_CONNECTION|UNKNOWN|UNKNOWN|MULTI_RESULTS",
          "Collation": 8,
          "Protocol": 10,
          "Version": "5.7.25",
          "Type": "Greeting"
        },
        "Seen": [
          "2020-06-05T18:18:29.562424Z"
        ]
      },
      {
        "Data": {
          "Type": "Login",
          "ClientCapabilities": "10396303: CLIENT_MYSQL|FOUND_ROWS|LONG_FLAG|CONNECT_WITH_DB|LOCAL_FILES|CLIENT_PROTOCOL_41|SECURE_CONNECTION|UNKNOWN|MULTI_RESULTS|PS_MULTI_RESULTS|PLUGIN_AUTH|CONNECT_ATTRS|CLIENT_SESSION_TRACK",
          "Collation": 8,
          "ExtendedCapabilities": 0,
          "MaxPacketSize": 1073741824,
          "Username": "site"
        },
        "Seen": [
          "2020-06-05T18:18:29.562469Z"
        ]
      },
      {
        "Data": {
          "AffectedRows": 0,
          "LastInsertID": 0,
          "ServerStatus": "4002: SERVER_STATUS_AUTOCOMMIT|SERVER_SESSION_STATE_CHANGED",
          "WarningCount": 0,
          "Type": "OK",
          "Info": ""
        },
        "Seen": [
          "2020-06-05T18:18:29.562536Z"
        ]
      },
      {
        "Data": {
          "Type": "Query",
          "Query": "SELECT me.id, me.name, me.number_prefix, me.main_number FROM office_numberss me WHERE ( '3213' LIKE concat(\"%\", number_prefix, \"%\") ) ORDER BY length(number_prefix)"
        },
        "Seen": [
          "2020-06-05T18:18:29.571995Z"
        ]
      },
      {
        "Data": {
          "Type": "SQL results",
          "Columns": [
            {
              "Catalog": "def",
              "TableAlias": "me",
              "Table": "office_numberss",
              "Schema": "demo",
              "Column": "id",
              "ColumnAlias": "id",
              "TypeInfo": {
                "LengthOfFixedFields": 12,
                "CharacterSetNumber": 63,
                "MaxColumnSize": 11,
                "FieldTypes": "MYSQL_TYPE_LONG",
                "FieldDetail": "NOT_NULL|PRIMARY_KEY|AUTO_INCREMENT|PART_KEY_FLAG",
                "Decimals": 0,
                "Unused": 0
              }
            },
            {
              "Catalog": "def",
              "TableAlias": "me",
              "Table": "office_numberss",
              "Schema": "demo",
              "Column": "name",
              "ColumnAlias": "name",
              "TypeInfo": {
                "LengthOfFixedFields": 12,
                "CharacterSetNumber": 8,
                "MaxColumnSize": 128,
                "FieldTypes": "MYSQL_TYPE_VAR_STRING",
                "FieldDetail": "",
                "Decimals": 0,
                "Unused": 0
              }
            },
            {
              "Catalog": "def",
              "TableAlias": "me",
              "Table": "office_numberss",
              "Schema": "demo",
              "Column": "number_prefix",
              "ColumnAlias": "number_prefix",
              "TypeInfo": {
                "LengthOfFixedFields": 12,
                "CharacterSetNumber": 8,
                "MaxColumnSize": 128,
                "FieldTypes": "MYSQL_TYPE_VAR_STRING",
                "FieldDetail": "",
                "Decimals": 0,
                "Unused": 0
              }
            },
            {
              "Catalog": "def",
              "TableAlias": "me",
              "Table": "office_numberss",
              "Schema": "demo",
              "Column": "main_number",
              "ColumnAlias": "main_number",
              "TypeInfo": {
                "LengthOfFixedFields": 12,
                "CharacterSetNumber": 8,
                "MaxColumnSize": 128,
                "FieldTypes": "MYSQL_TYPE_VAR_STRING",
                "FieldDetail": "",
                "Decimals": 0,
                "Unused": 0
              }
            }
          ],
          "Results": []
        },
        "Seen": [
          "2020-06-05T18:18:29.572427Z"
        ]
      }
    ]
  }
]
