Connection: 192.168.32.4:34992 - 192.168.32.3:5000

Connection: 192.168.32.4:34990 - 192.168.32.3:5000

Connection: 192.168.32.4:34988 - 192.168.32.3:5000

Connection: 192.168.32.4:34986 - 192.168.32.3:5000

Connection: 192.168.32.4:34984 - 192.168.32.3:5000

Connection: 192.168.32.4:34982 - 192.168.32.3:5000

Connection: 192.168.32.4:34980 - 192.168.32.3:5000

Connection: 192.168.32.4:34978 - 192.168.32.3:5000

Connection: 192.168.32.4:34974 - 192.168.32.3:5000

Connection: 192.168.32.4:34970 - 192.168.32.3:5000

Connection: 192.168.32.4:34968 - 192.168.32.3:5000

Connection: 192.168.32.4:34966 - 192.168.32.3:5000

Connection: 192.168.32.4:34964 - 192.168.32.3:5000

Connection: 192.168.32.4:34962 - 192.168.32.3:5000

Connection: 192.168.32.4:34958 - 192.168.32.3:5000

Connection: 192.168.32.4:34956 - 192.168.32.3:5000

Connection: 192.168.32.4:34954 - 192.168.32.3:5000

Connection: 192.168.32.4:34950 - 192.168.32.3:5000

Connection: 192.168.32.4:34946 - 192.168.32.3:5000

Connection: 192.168.32.4:34944 - 192.168.32.3:5000

Connection: 192.168.32.4:34940 - 192.168.32.3:5000

Connection: 192.168.32.1:46038 - 192.168.32.4:443

Connection: 192.168.32.3:48522 - 192.168.32.2:3306

Type: Greeting


Type: Login


Type: OK


Type: Query

        SELECT id       AS ID_ID,
               name     AS ID_NAME,
               username AS ID_USERNAME,
               admin    AS ID_ADMIN
        FROM users
        WHERE id = 1

Type: SQL results

"1", "name", "username", "1"


Type: Query

        SELECT id       AS ID_ID,
               name     AS ID_NAME,
               username AS ID_USERNAME,
               admin    AS ID_ADMIN
        FROM users
        WHERE id = 1

Type: SQL results

"1", "name", "username", "1"


Type: Query

        SELECT id       AS ID_ID,
               name     AS ID_NAME,
               username AS ID_USERNAME,
               admin    AS ID_ADMIN
        FROM users
        WHERE id = 1

Type: SQL results

"1", "name", "username", "1"


Type: Query

        SELECT id       AS ID_ID,
               name     AS ID_NAME,
               username AS ID_USERNAME,
               admin    AS ID_ADMIN
        FROM users
        WHERE id = 1

Type: SQL results

"1", "name", "username", "1"


Type: Query
UPDATE fish_and_chips
            SET name = 'name',
                food = 'testing'
          WHERE id = '2';

Type: OK


Connection: 192.168.32.3:48528 - 192.168.32.2:3306

Type: Greeting


Type: Login


Type: OK


Type: Query

        SELECT id       AS ID_ID,
               name     AS ID_NAME,
               username AS ID_USERNAME,
               admin    AS ID_ADMIN
        FROM users
        WHERE id = 1

Type: SQL results

"1", "name", "username", "1"


Type: Query
        SELECT name, ip, created, comments
          FROM feedback
      ORDER BY id DESC
         LIMIT 20


Type: SQL results


Type: Query

        SELECT id       AS ID_ID,
               name     AS ID_NAME,
               username AS ID_USERNAME,
               admin    AS ID_ADMIN
        FROM users
        WHERE id = 1

Type: SQL results

"1", "name", "username", "1"


Type: Query

        SELECT id       AS ID_ID,
               name     AS ID_NAME,
               username AS ID_USERNAME,
               admin    AS ID_ADMIN
        FROM users
        WHERE id = 1

Type: SQL results

"1", "name", "username", "1"


Type: Query
INSERT INTO fish_and_chips
                     (name, food, added)
              VALUES ('name', 'test', UTC_TIMESTAMP())

Type: OK


Connection: 192.168.32.3:48532 - 192.168.32.2:3306

Type: Greeting


Type: Login


Type: OK


Type: Query

        SELECT id       AS ID_ID,
               name     AS ID_NAME,
               username AS ID_USERNAME,
               admin    AS ID_ADMIN
        FROM users
        WHERE id = 1

Type: SQL results

"1", "name", "username", "1"


Type: Query
        SELECT name, ip, created, comments
          FROM feedback
      ORDER BY id DESC
         LIMIT 20


Type: SQL results


Type: Query

        SELECT id       AS ID_ID,
               name     AS ID_NAME,
               username AS ID_USERNAME,
               admin    AS ID_ADMIN
        FROM users
        WHERE id = 1

Type: SQL results

"1", "name", "username", "1"


Type: Query

        SELECT id       AS ID_ID,
               name     AS ID_NAME,
               username AS ID_USERNAME,
               admin    AS ID_ADMIN
        FROM users
        WHERE id = 1

Type: SQL results

"1", "name", "username", "1"


Type: Query
SELECT * FROM (SELECT id, name, food, added FROM fish_and_chips WHERE ( ( added BETWEEN '2020-06-05 00:00:00' AND '2020-06-05 23:59:59' ) ) ORDER BY id LIMIT 10 OFFSET 0) orders

Type: SQL results

"2", "name", "test", "2020-06-05 18:18:37"


Type: Query
SELECT id, name, username
        FROM users
        ORDER BY name

Type: SQL results

"1", "name", "username"


Connection: 192.168.32.3:48508 - 192.168.32.2:3306

Type: Query
SELECT id, password, u2f, totp FROM users WHERE username = 'username'

Type: SQL results

"1", "$2a$10$O9UdFbrLzGqAjxUTbDN18esmnF0XXZilEfzM8fcDaHA3WLE3sPnlW", "0", "0"


Type: Query

        SELECT id       AS ID_ID,
               name     AS ID_NAME,
               username AS ID_USERNAME,
               admin    AS ID_ADMIN
        FROM users
        WHERE id = 1

Type: SQL results

"1", "name", "username", "1"


Type: Query
        SELECT name, ip, created, comments
          FROM feedback
      ORDER BY id DESC
         LIMIT 20


Type: SQL results


Type: Query

        SELECT id       AS ID_ID,
               name     AS ID_NAME,
               username AS ID_USERNAME,
               admin    AS ID_ADMIN
        FROM users
        WHERE id = 1

Type: SQL results

"1", "name", "username", "1"


Type: Query
SELECT * FROM (SELECT id, name, food, added FROM fish_and_chips WHERE ( ( added BETWEEN '2020-06-05 00:00:00' AND '2020-06-05 23:59:59' ) ) ORDER BY id LIMIT 10 OFFSET 0) orders

Type: SQL results


Type: Query
SELECT id, name, username
        FROM users
        ORDER BY name

Type: SQL results

"1", "name", "username"


Connection: 192.168.32.3:48540 - 192.168.32.2:3306

Type: Greeting


Type: Login


Type: OK


Type: Query

        SELECT id       AS ID_ID,
               name     AS ID_NAME,
               username AS ID_USERNAME,
               admin    AS ID_ADMIN
        FROM users
        WHERE id = 1

Type: SQL results

"1", "name", "username", "1"


Type: Query
SELECT id, name, username
        FROM users
        ORDER BY name

Type: SQL results

"1", "name", "username"


Type: Query

        SELECT id       AS ID_ID,
               name     AS ID_NAME,
               username AS ID_USERNAME,
               admin    AS ID_ADMIN
        FROM users
        WHERE id = 1

Type: SQL results

"1", "name", "username", "1"


Connection: 192.168.32.3:48552 - 192.168.32.2:3306

Type: Greeting


Type: Login


Type: OK


Type: Query
SELECT me.id, me.name, me.number_prefix, me.main_number FROM office_numberss me WHERE ( '3213' LIKE concat("%", number_prefix, "%") ) ORDER BY length(number_prefix)

Type: SQL results


Connection: 192.168.32.3:48556 - 192.168.32.2:3306

Type: Greeting


Type: Login


Type: OK


Type: Query
SELECT me.id, me.name, me.number_prefix, me.main_number FROM office_numberss me WHERE ( '3213' LIKE concat("%", number_prefix, "%") ) ORDER BY length(number_prefix)

Type: SQL results



